-- Found ament_cmake: 1.3.12 (/opt/ros/humble/share/ament_cmake/cmake)
-- Override CMake install command with custom implementation using symlinks instead of copying resources
-- Found rclcpp: 16.0.14 (/opt/ros/humble/share/rclcpp/cmake)
-- Found rosidl_generator_c: 3.1.7 (/opt/ros/humble/share/rosidl_generator_c/cmake)
-- Found rosidl_adapter: 3.1.7 (/opt/ros/humble/share/rosidl_adapter/cmake)
-- Found rosidl_generator_cpp: 3.1.7 (/opt/ros/humble/share/rosidl_generator_cpp/cmake)
-- Using all available rosidl_typesupport_c: rosidl_typesupport_fastrtps_c;rosidl_typesupport_introspection_c
-- Using all available rosidl_typesupport_cpp: rosidl_typesupport_fastrtps_cpp;rosidl_typesupport_introspection_cpp
-- Found rmw_implementation_cmake: 6.1.2 (/opt/ros/humble/share/rmw_implementation_cmake/cmake)
-- Found rmw_fastrtps_cpp: 6.2.8 (/opt/ros/humble/share/rmw_fastrtps_cpp/cmake)
-- Using RMW implementation 'rmw_fastrtps_cpp' as default
-- Found rclcpp_lifecycle: 16.0.14 (/opt/ros/humble/share/rclcpp_lifecycle/cmake)
-- Found tf2: 0.25.16 (/opt/ros/humble/share/tf2/cmake)
-- Found tf2_ros: 0.25.16 (/opt/ros/humble/share/tf2_ros/cmake)
-- Found mocap4r2_msgs: 0.0.6 (/opt/ros/humble/share/mocap4r2_msgs/cmake)
-- qualisys_driver: `qualisys_cpp_sdk` targets not found. Attempting to fetch contents...
-- Found ament_lint_auto: 0.12.14 (/opt/ros/humble/share/ament_lint_auto/cmake)
-- Added test 'copyright' to check source files copyright and LICENSE
-- Added test 'cppcheck' to perform static code analysis on C / C++ code
-- Configured cppcheck include dirs: /home/user/Projects/svea_charging/src/mocap4ros2_qualisys/qualisys_driver/include
-- Configured cppcheck exclude dirs and/or files: 
-- Added test 'cpplint' to check C / C++ code against the Google style
-- Configured cpplint exclude dirs and/or files: 
-- Added test 'flake8' to check Python code syntax and style conventions
-- Added test 'lint_cmake' to check CMake code style
-- Added test 'pep257' to check Python code against some of the docstring style conventions in PEP 257
-- Added test 'uncrustify' to check C / C++ code style
-- Configured uncrustify additional arguments: 
-- Added test 'xmllint' to check XML markup files
-- Configuring done
-- Generating done
-- Build files have been written to: /home/user/Projects/svea_charging/build/qualisys_driver
[ 11%] Building CXX object _deps/qualisys_cpp_sdk-build/CMakeFiles/qualisys_cpp_sdk.dir/Markup.cpp.o
[ 22%] Building CXX object _deps/qualisys_cpp_sdk-build/CMakeFiles/qualisys_cpp_sdk.dir/RTProtocol.cpp.o
[ 33%] Building CXX object _deps/qualisys_cpp_sdk-build/CMakeFiles/qualisys_cpp_sdk.dir/RTPacket.cpp.o
[ 44%] Building CXX object _deps/qualisys_cpp_sdk-build/CMakeFiles/qualisys_cpp_sdk.dir/Network.cpp.o
[ 55%] Linking CXX static library libqualisys_cpp_sdk.a
[ 55%] Built target qualisys_cpp_sdk
[ 66%] Building CXX object CMakeFiles/qualisys_driver.dir/src/qualisys_driver.cpp.o
[ 77%] Linking CXX static library libqualisys_driver.a
[ 77%] Built target qualisys_driver
[ 88%] Building CXX object CMakeFiles/qualisys_driver_main.dir/src/qualisys_driver_main.cpp.o
[100%] Linking CXX executable qualisys_driver_main
[100%] Built target qualisys_driver_main
-- Install configuration: ""
-- Execute custom install script
-- Symlinking: /home/user/Projects/svea_charging/install/qualisys_driver/include//qualisys_driver/qualisys_driver.hpp
-- Symlinking: /home/user/Projects/svea_charging/install/qualisys_driver/share/qualisys_driver/launch/__pycache__/qualisys.launch.cpython-310.pyc
-- Symlinking: /home/user/Projects/svea_charging/install/qualisys_driver/share/qualisys_driver/launch/qualisys.launch.py
-- Symlinking: /home/user/Projects/svea_charging/install/qualisys_driver/share/qualisys_driver/config/qualisys_driver_params.yaml
-- Symlinking: /home/user/Projects/svea_charging/install/qualisys_driver/lib/libqualisys_driver.a
-- Symlinking: /home/user/Projects/svea_charging/install/qualisys_driver/lib/qualisys_driver/qualisys_driver_main
-- Symlinking: /home/user/Projects/svea_charging/install/qualisys_driver/share/qualisys_driver/environment/library_path.sh
-- Symlinking: /home/user/Projects/svea_charging/install/qualisys_driver/share/qualisys_driver/environment/library_path.dsv
-- Symlinking: /home/user/Projects/svea_charging/install/qualisys_driver/share/ament_index/resource_index/package_run_dependencies/qualisys_driver
-- Symlinking: /home/user/Projects/svea_charging/install/qualisys_driver/share/ament_index/resource_index/parent_prefix_path/qualisys_driver
-- Symlinking: /home/user/Projects/svea_charging/install/qualisys_driver/share/qualisys_driver/environment/ament_prefix_path.sh
-- Symlinking: /home/user/Projects/svea_charging/install/qualisys_driver/share/qualisys_driver/environment/ament_prefix_path.dsv
-- Symlinking: /home/user/Projects/svea_charging/install/qualisys_driver/share/qualisys_driver/environment/path.sh
-- Symlinking: /home/user/Projects/svea_charging/install/qualisys_driver/share/qualisys_driver/environment/path.dsv
-- Symlinking: /home/user/Projects/svea_charging/install/qualisys_driver/share/qualisys_driver/local_setup.bash
-- Symlinking: /home/user/Projects/svea_charging/install/qualisys_driver/share/qualisys_driver/local_setup.sh
-- Symlinking: /home/user/Projects/svea_charging/install/qualisys_driver/share/qualisys_driver/local_setup.zsh
-- Symlinking: /home/user/Projects/svea_charging/install/qualisys_driver/share/qualisys_driver/local_setup.dsv
-- Symlinking: /home/user/Projects/svea_charging/install/qualisys_driver/share/qualisys_driver/package.dsv
-- Symlinking: /home/user/Projects/svea_charging/install/qualisys_driver/share/ament_index/resource_index/packages/qualisys_driver
-- Symlinking: /home/user/Projects/svea_charging/install/qualisys_driver/share/qualisys_driver/cmake/ament_cmake_export_include_directories-extras.cmake
-- Symlinking: /home/user/Projects/svea_charging/install/qualisys_driver/share/qualisys_driver/cmake/ament_cmake_export_libraries-extras.cmake
-- Symlinking: /home/user/Projects/svea_charging/install/qualisys_driver/share/qualisys_driver/cmake/ament_cmake_export_dependencies-extras.cmake
-- Symlinking: /home/user/Projects/svea_charging/install/qualisys_driver/share/qualisys_driver/cmake/qualisys_driverConfig.cmake
-- Symlinking: /home/user/Projects/svea_charging/install/qualisys_driver/share/qualisys_driver/cmake/qualisys_driverConfig-version.cmake
-- Symlinking: /home/user/Projects/svea_charging/install/qualisys_driver/share/qualisys_driver/package.xml
-- Installing: /home/user/Projects/svea_charging/install/qualisys_driver/lib/libqualisys_cpp_sdk.a
-- Installing: /home/user/Projects/svea_charging/install/qualisys_driver/include/qualisys_cpp_sdk/Markup.h
-- Installing: /home/user/Projects/svea_charging/install/qualisys_driver/include/qualisys_cpp_sdk/Network.h
-- Installing: /home/user/Projects/svea_charging/install/qualisys_driver/include/qualisys_cpp_sdk/RTPacket.h
-- Installing: /home/user/Projects/svea_charging/install/qualisys_driver/include/qualisys_cpp_sdk/RTProtocol.h
