[0.514s] DEBUG:colcon:Command line arguments: ['/usr/bin/colcon', 'build', '--packages-select', 'qualisys_driver', '--symlink-install']
[0.514s] DEBUG:colcon:Parsed command line arguments: Namespace(log_base=None, log_level=None, verb_name='build', build_base='build', install_base='install', merge_install=False, symlink_install=True, test_result_base=None, continue_on_error=False, executor='parallel', parallel_workers=4, event_handlers=None, ignore_user_meta=False, metas=['./colcon.meta'], base_paths=['.'], packages_ignore=None, packages_ignore_regex=None, paths=None, packages_up_to=None, packages_up_to_regex=None, packages_above=None, packages_above_and_dependencies=None, packages_above_depth=None, packages_select_by_dep=None, packages_skip_by_dep=None, packages_skip_up_to=None, packages_select_build_failed=False, packages_skip_build_finished=False, packages_select_test_failures=False, packages_skip_test_passed=False, packages_select=['qualisys_driver'], packages_skip=None, packages_select_regex=None, packages_skip_regex=None, packages_start=None, packages_end=None, allow_overriding=[], cmake_args=None, cmake_target=None, cmake_target_skip_unavailable=False, cmake_clean_cache=False, cmake_clean_first=False, cmake_force_configure=False, ament_cmake_args=None, catkin_cmake_args=None, catkin_skip_building_tests=False, verb_parser=<colcon_defaults.argument_parser.defaults.DefaultArgumentsDecorator object at 0xffff80d21e10>, verb_extension=<colcon_core.verb.build.BuildVerb object at 0xffff80d21840>, main=<bound method BuildVerb.main of <colcon_core.verb.build.BuildVerb object at 0xffff80d21840>>)
[1.462s] Level 1:colcon.colcon_core.package_discovery:discover_packages(colcon_meta) check parameters
[1.462s] Level 1:colcon.colcon_core.package_discovery:discover_packages(recursive) check parameters
[1.462s] Level 1:colcon.colcon_core.package_discovery:discover_packages(ignore) check parameters
[1.462s] Level 1:colcon.colcon_core.package_discovery:discover_packages(path) check parameters
[1.463s] Level 1:colcon.colcon_core.package_discovery:discover_packages(colcon_meta) discover
[1.463s] Level 1:colcon.colcon_core.package_discovery:discover_packages(recursive) discover
[1.463s] INFO:colcon.colcon_core.package_discovery:Crawling recursively for packages in '/home/user/Projects/svea_charging'
[1.463s] Level 1:colcon.colcon_core.package_identification:_identify(.) by extensions ['ignore', 'ignore_ament_install']
[1.463s] Level 1:colcon.colcon_core.package_identification:_identify(.) by extension 'ignore'
[1.464s] Level 1:colcon.colcon_core.package_identification:_identify(.) by extension 'ignore_ament_install'
[1.464s] Level 1:colcon.colcon_core.package_identification:_identify(.) by extensions ['colcon_pkg']
[1.464s] Level 1:colcon.colcon_core.package_identification:_identify(.) by extension 'colcon_pkg'
[1.464s] Level 1:colcon.colcon_core.package_identification:_identify(.) by extensions ['colcon_meta']
[1.464s] Level 1:colcon.colcon_core.package_identification:_identify(.) by extension 'colcon_meta'
[1.464s] Level 1:colcon.colcon_core.package_identification:_identify(.) by extensions ['ros']
[1.464s] Level 1:colcon.colcon_core.package_identification:_identify(.) by extension 'ros'
[1.524s] Level 1:colcon.colcon_core.package_identification:_identify(.) by extensions ['cmake', 'python']
[1.524s] Level 1:colcon.colcon_core.package_identification:_identify(.) by extension 'cmake'
[1.525s] Level 1:colcon.colcon_core.package_identification:_identify(.) by extension 'python'
[1.525s] Level 1:colcon.colcon_core.package_identification:_identify(.) by extensions ['python_setup_py']
[1.525s] Level 1:colcon.colcon_core.package_identification:_identify(.) by extension 'python_setup_py'
[1.525s] Level 1:colcon.colcon_core.package_identification:_identify(build) by extensions ['ignore', 'ignore_ament_install']
[1.525s] Level 1:colcon.colcon_core.package_identification:_identify(build) by extension 'ignore'
[1.525s] Level 1:colcon.colcon_core.package_identification:_identify(build) ignored
[1.526s] Level 1:colcon.colcon_core.package_identification:_identify(docker) by extensions ['ignore', 'ignore_ament_install']
[1.526s] Level 1:colcon.colcon_core.package_identification:_identify(docker) by extension 'ignore'
[1.526s] Level 1:colcon.colcon_core.package_identification:_identify(docker) by extension 'ignore_ament_install'
[1.526s] Level 1:colcon.colcon_core.package_identification:_identify(docker) by extensions ['colcon_pkg']
[1.526s] Level 1:colcon.colcon_core.package_identification:_identify(docker) by extension 'colcon_pkg'
[1.527s] Level 1:colcon.colcon_core.package_identification:_identify(docker) by extensions ['colcon_meta']
[1.527s] Level 1:colcon.colcon_core.package_identification:_identify(docker) by extension 'colcon_meta'
[1.527s] Level 1:colcon.colcon_core.package_identification:_identify(docker) by extensions ['ros']
[1.527s] Level 1:colcon.colcon_core.package_identification:_identify(docker) by extension 'ros'
[1.527s] Level 1:colcon.colcon_core.package_identification:_identify(docker) by extensions ['cmake', 'python']
[1.527s] Level 1:colcon.colcon_core.package_identification:_identify(docker) by extension 'cmake'
[1.527s] Level 1:colcon.colcon_core.package_identification:_identify(docker) by extension 'python'
[1.527s] Level 1:colcon.colcon_core.package_identification:_identify(docker) by extensions ['python_setup_py']
[1.528s] Level 1:colcon.colcon_core.package_identification:_identify(docker) by extension 'python_setup_py'
[1.528s] Level 1:colcon.colcon_core.package_identification:_identify(docs) by extensions ['ignore', 'ignore_ament_install']
[1.528s] Level 1:colcon.colcon_core.package_identification:_identify(docs) by extension 'ignore'
[1.528s] Level 1:colcon.colcon_core.package_identification:_identify(docs) by extension 'ignore_ament_install'
[1.528s] Level 1:colcon.colcon_core.package_identification:_identify(docs) by extensions ['colcon_pkg']
[1.528s] Level 1:colcon.colcon_core.package_identification:_identify(docs) by extension 'colcon_pkg'
[1.528s] Level 1:colcon.colcon_core.package_identification:_identify(docs) by extensions ['colcon_meta']
[1.528s] Level 1:colcon.colcon_core.package_identification:_identify(docs) by extension 'colcon_meta'
[1.529s] Level 1:colcon.colcon_core.package_identification:_identify(docs) by extensions ['ros']
[1.529s] Level 1:colcon.colcon_core.package_identification:_identify(docs) by extension 'ros'
[1.529s] Level 1:colcon.colcon_core.package_identification:_identify(docs) by extensions ['cmake', 'python']
[1.529s] Level 1:colcon.colcon_core.package_identification:_identify(docs) by extension 'cmake'
[1.529s] Level 1:colcon.colcon_core.package_identification:_identify(docs) by extension 'python'
[1.529s] Level 1:colcon.colcon_core.package_identification:_identify(docs) by extensions ['python_setup_py']
[1.529s] Level 1:colcon.colcon_core.package_identification:_identify(docs) by extension 'python_setup_py'
[1.529s] Level 1:colcon.colcon_core.package_identification:_identify(docs/development) by extensions ['ignore', 'ignore_ament_install']
[1.530s] Level 1:colcon.colcon_core.package_identification:_identify(docs/development) by extension 'ignore'
[1.530s] Level 1:colcon.colcon_core.package_identification:_identify(docs/development) by extension 'ignore_ament_install'
[1.530s] Level 1:colcon.colcon_core.package_identification:_identify(docs/development) by extensions ['colcon_pkg']
[1.530s] Level 1:colcon.colcon_core.package_identification:_identify(docs/development) by extension 'colcon_pkg'
[1.530s] Level 1:colcon.colcon_core.package_identification:_identify(docs/development) by extensions ['colcon_meta']
[1.530s] Level 1:colcon.colcon_core.package_identification:_identify(docs/development) by extension 'colcon_meta'
[1.530s] Level 1:colcon.colcon_core.package_identification:_identify(docs/development) by extensions ['ros']
[1.530s] Level 1:colcon.colcon_core.package_identification:_identify(docs/development) by extension 'ros'
[1.531s] Level 1:colcon.colcon_core.package_identification:_identify(docs/development) by extensions ['cmake', 'python']
[1.531s] Level 1:colcon.colcon_core.package_identification:_identify(docs/development) by extension 'cmake'
[1.531s] Level 1:colcon.colcon_core.package_identification:_identify(docs/development) by extension 'python'
[1.531s] Level 1:colcon.colcon_core.package_identification:_identify(docs/development) by extensions ['python_setup_py']
[1.531s] Level 1:colcon.colcon_core.package_identification:_identify(docs/development) by extension 'python_setup_py'
[1.531s] Level 1:colcon.colcon_core.package_identification:_identify(docs/examples) by extensions ['ignore', 'ignore_ament_install']
[1.531s] Level 1:colcon.colcon_core.package_identification:_identify(docs/examples) by extension 'ignore'
[1.531s] Level 1:colcon.colcon_core.package_identification:_identify(docs/examples) by extension 'ignore_ament_install'
[1.532s] Level 1:colcon.colcon_core.package_identification:_identify(docs/examples) by extensions ['colcon_pkg']
[1.532s] Level 1:colcon.colcon_core.package_identification:_identify(docs/examples) by extension 'colcon_pkg'
[1.532s] Level 1:colcon.colcon_core.package_identification:_identify(docs/examples) by extensions ['colcon_meta']
[1.532s] Level 1:colcon.colcon_core.package_identification:_identify(docs/examples) by extension 'colcon_meta'
[1.532s] Level 1:colcon.colcon_core.package_identification:_identify(docs/examples) by extensions ['ros']
[1.532s] Level 1:colcon.colcon_core.package_identification:_identify(docs/examples) by extension 'ros'
[1.532s] Level 1:colcon.colcon_core.package_identification:_identify(docs/examples) by extensions ['cmake', 'python']
[1.532s] Level 1:colcon.colcon_core.package_identification:_identify(docs/examples) by extension 'cmake'
[1.532s] Level 1:colcon.colcon_core.package_identification:_identify(docs/examples) by extension 'python'
[1.533s] Level 1:colcon.colcon_core.package_identification:_identify(docs/examples) by extensions ['python_setup_py']
[1.533s] Level 1:colcon.colcon_core.package_identification:_identify(docs/examples) by extension 'python_setup_py'
[1.533s] Level 1:colcon.colcon_core.package_identification:_identify(docs/media) by extensions ['ignore', 'ignore_ament_install']
[1.533s] Level 1:colcon.colcon_core.package_identification:_identify(docs/media) by extension 'ignore'
[1.533s] Level 1:colcon.colcon_core.package_identification:_identify(docs/media) by extension 'ignore_ament_install'
[1.533s] Level 1:colcon.colcon_core.package_identification:_identify(docs/media) by extensions ['colcon_pkg']
[1.533s] Level 1:colcon.colcon_core.package_identification:_identify(docs/media) by extension 'colcon_pkg'
[1.534s] Level 1:colcon.colcon_core.package_identification:_identify(docs/media) by extensions ['colcon_meta']
[1.534s] Level 1:colcon.colcon_core.package_identification:_identify(docs/media) by extension 'colcon_meta'
[1.534s] Level 1:colcon.colcon_core.package_identification:_identify(docs/media) by extensions ['ros']
[1.534s] Level 1:colcon.colcon_core.package_identification:_identify(docs/media) by extension 'ros'
[1.534s] Level 1:colcon.colcon_core.package_identification:_identify(docs/media) by extensions ['cmake', 'python']
[1.534s] Level 1:colcon.colcon_core.package_identification:_identify(docs/media) by extension 'cmake'
[1.534s] Level 1:colcon.colcon_core.package_identification:_identify(docs/media) by extension 'python'
[1.534s] Level 1:colcon.colcon_core.package_identification:_identify(docs/media) by extensions ['python_setup_py']
[1.534s] Level 1:colcon.colcon_core.package_identification:_identify(docs/media) by extension 'python_setup_py'
[1.535s] Level 1:colcon.colcon_core.package_identification:_identify(docs/media/tutorials) by extensions ['ignore', 'ignore_ament_install']
[1.535s] Level 1:colcon.colcon_core.package_identification:_identify(docs/media/tutorials) by extension 'ignore'
[1.535s] Level 1:colcon.colcon_core.package_identification:_identify(docs/media/tutorials) by extension 'ignore_ament_install'
[1.535s] Level 1:colcon.colcon_core.package_identification:_identify(docs/media/tutorials) by extensions ['colcon_pkg']
[1.551s] Level 1:colcon.colcon_core.package_identification:_identify(docs/media/tutorials) by extension 'colcon_pkg'
[1.551s] Level 1:colcon.colcon_core.package_identification:_identify(docs/media/tutorials) by extensions ['colcon_meta']
[1.551s] Level 1:colcon.colcon_core.package_identification:_identify(docs/media/tutorials) by extension 'colcon_meta'
[1.551s] Level 1:colcon.colcon_core.package_identification:_identify(docs/media/tutorials) by extensions ['ros']
[1.551s] Level 1:colcon.colcon_core.package_identification:_identify(docs/media/tutorials) by extension 'ros'
[1.552s] Level 1:colcon.colcon_core.package_identification:_identify(docs/media/tutorials) by extensions ['cmake', 'python']
[1.552s] Level 1:colcon.colcon_core.package_identification:_identify(docs/media/tutorials) by extension 'cmake'
[1.552s] Level 1:colcon.colcon_core.package_identification:_identify(docs/media/tutorials) by extension 'python'
[1.552s] Level 1:colcon.colcon_core.package_identification:_identify(docs/media/tutorials) by extensions ['python_setup_py']
[1.552s] Level 1:colcon.colcon_core.package_identification:_identify(docs/media/tutorials) by extension 'python_setup_py'
[1.552s] Level 1:colcon.colcon_core.package_identification:_identify(docs/reference) by extensions ['ignore', 'ignore_ament_install']
[1.553s] Level 1:colcon.colcon_core.package_identification:_identify(docs/reference) by extension 'ignore'
[1.553s] Level 1:colcon.colcon_core.package_identification:_identify(docs/reference) by extension 'ignore_ament_install'
[1.553s] Level 1:colcon.colcon_core.package_identification:_identify(docs/reference) by extensions ['colcon_pkg']
[1.553s] Level 1:colcon.colcon_core.package_identification:_identify(docs/reference) by extension 'colcon_pkg'
[1.553s] Level 1:colcon.colcon_core.package_identification:_identify(docs/reference) by extensions ['colcon_meta']
[1.553s] Level 1:colcon.colcon_core.package_identification:_identify(docs/reference) by extension 'colcon_meta'
[1.553s] Level 1:colcon.colcon_core.package_identification:_identify(docs/reference) by extensions ['ros']
[1.554s] Level 1:colcon.colcon_core.package_identification:_identify(docs/reference) by extension 'ros'
[1.554s] Level 1:colcon.colcon_core.package_identification:_identify(docs/reference) by extensions ['cmake', 'python']
[1.554s] Level 1:colcon.colcon_core.package_identification:_identify(docs/reference) by extension 'cmake'
[1.554s] Level 1:colcon.colcon_core.package_identification:_identify(docs/reference) by extension 'python'
[1.554s] Level 1:colcon.colcon_core.package_identification:_identify(docs/reference) by extensions ['python_setup_py']
[1.554s] Level 1:colcon.colcon_core.package_identification:_identify(docs/reference) by extension 'python_setup_py'
[1.554s] Level 1:colcon.colcon_core.package_identification:_identify(docs/setup) by extensions ['ignore', 'ignore_ament_install']
[1.555s] Level 1:colcon.colcon_core.package_identification:_identify(docs/setup) by extension 'ignore'
[1.555s] Level 1:colcon.colcon_core.package_identification:_identify(docs/setup) by extension 'ignore_ament_install'
[1.555s] Level 1:colcon.colcon_core.package_identification:_identify(docs/setup) by extensions ['colcon_pkg']
[1.555s] Level 1:colcon.colcon_core.package_identification:_identify(docs/setup) by extension 'colcon_pkg'
[1.555s] Level 1:colcon.colcon_core.package_identification:_identify(docs/setup) by extensions ['colcon_meta']
[1.555s] Level 1:colcon.colcon_core.package_identification:_identify(docs/setup) by extension 'colcon_meta'
[1.555s] Level 1:colcon.colcon_core.package_identification:_identify(docs/setup) by extensions ['ros']
[1.555s] Level 1:colcon.colcon_core.package_identification:_identify(docs/setup) by extension 'ros'
[1.556s] Level 1:colcon.colcon_core.package_identification:_identify(docs/setup) by extensions ['cmake', 'python']
[1.556s] Level 1:colcon.colcon_core.package_identification:_identify(docs/setup) by extension 'cmake'
[1.556s] Level 1:colcon.colcon_core.package_identification:_identify(docs/setup) by extension 'python'
[1.556s] Level 1:colcon.colcon_core.package_identification:_identify(docs/setup) by extensions ['python_setup_py']
[1.556s] Level 1:colcon.colcon_core.package_identification:_identify(docs/setup) by extension 'python_setup_py'
[1.556s] Level 1:colcon.colcon_core.package_identification:_identify(docs/tutorials) by extensions ['ignore', 'ignore_ament_install']
[1.556s] Level 1:colcon.colcon_core.package_identification:_identify(docs/tutorials) by extension 'ignore'
[1.557s] Level 1:colcon.colcon_core.package_identification:_identify(docs/tutorials) by extension 'ignore_ament_install'
[1.557s] Level 1:colcon.colcon_core.package_identification:_identify(docs/tutorials) by extensions ['colcon_pkg']
[1.557s] Level 1:colcon.colcon_core.package_identification:_identify(docs/tutorials) by extension 'colcon_pkg'
[1.557s] Level 1:colcon.colcon_core.package_identification:_identify(docs/tutorials) by extensions ['colcon_meta']
[1.557s] Level 1:colcon.colcon_core.package_identification:_identify(docs/tutorials) by extension 'colcon_meta'
[1.557s] Level 1:colcon.colcon_core.package_identification:_identify(docs/tutorials) by extensions ['ros']
[1.557s] Level 1:colcon.colcon_core.package_identification:_identify(docs/tutorials) by extension 'ros'
[1.558s] Level 1:colcon.colcon_core.package_identification:_identify(docs/tutorials) by extensions ['cmake', 'python']
[1.558s] Level 1:colcon.colcon_core.package_identification:_identify(docs/tutorials) by extension 'cmake'
[1.558s] Level 1:colcon.colcon_core.package_identification:_identify(docs/tutorials) by extension 'python'
[1.558s] Level 1:colcon.colcon_core.package_identification:_identify(docs/tutorials) by extensions ['python_setup_py']
[1.558s] Level 1:colcon.colcon_core.package_identification:_identify(docs/tutorials) by extension 'python_setup_py'
[1.558s] Level 1:colcon.colcon_core.package_identification:_identify(firmware) by extensions ['ignore', 'ignore_ament_install']
[1.559s] Level 1:colcon.colcon_core.package_identification:_identify(firmware) by extension 'ignore'
[1.559s] Level 1:colcon.colcon_core.package_identification:_identify(firmware) by extension 'ignore_ament_install'
[1.559s] Level 1:colcon.colcon_core.package_identification:_identify(firmware) by extensions ['colcon_pkg']
[1.559s] Level 1:colcon.colcon_core.package_identification:_identify(firmware) by extension 'colcon_pkg'
[1.559s] Level 1:colcon.colcon_core.package_identification:_identify(firmware) by extensions ['colcon_meta']
[1.559s] Level 1:colcon.colcon_core.package_identification:_identify(firmware) by extension 'colcon_meta'
[1.559s] Level 1:colcon.colcon_core.package_identification:_identify(firmware) by extensions ['ros']
[1.559s] Level 1:colcon.colcon_core.package_identification:_identify(firmware) by extension 'ros'
[1.560s] Level 1:colcon.colcon_core.package_identification:_identify(firmware) by extensions ['cmake', 'python']
[1.560s] Level 1:colcon.colcon_core.package_identification:_identify(firmware) by extension 'cmake'
[1.560s] Level 1:colcon.colcon_core.package_identification:_identify(firmware) by extension 'python'
[1.560s] Level 1:colcon.colcon_core.package_identification:_identify(firmware) by extensions ['python_setup_py']
[1.560s] Level 1:colcon.colcon_core.package_identification:_identify(firmware) by extension 'python_setup_py'
[1.560s] Level 1:colcon.colcon_core.package_identification:_identify(foxglove) by extensions ['ignore', 'ignore_ament_install']
[1.560s] Level 1:colcon.colcon_core.package_identification:_identify(foxglove) by extension 'ignore'
[1.560s] Level 1:colcon.colcon_core.package_identification:_identify(foxglove) by extension 'ignore_ament_install'
[1.561s] Level 1:colcon.colcon_core.package_identification:_identify(foxglove) by extensions ['colcon_pkg']
[1.561s] Level 1:colcon.colcon_core.package_identification:_identify(foxglove) by extension 'colcon_pkg'
[1.561s] Level 1:colcon.colcon_core.package_identification:_identify(foxglove) by extensions ['colcon_meta']
[1.561s] Level 1:colcon.colcon_core.package_identification:_identify(foxglove) by extension 'colcon_meta'
[1.561s] Level 1:colcon.colcon_core.package_identification:_identify(foxglove) by extensions ['ros']
[1.561s] Level 1:colcon.colcon_core.package_identification:_identify(foxglove) by extension 'ros'
[1.561s] Level 1:colcon.colcon_core.package_identification:_identify(foxglove) by extensions ['cmake', 'python']
[1.561s] Level 1:colcon.colcon_core.package_identification:_identify(foxglove) by extension 'cmake'
[1.561s] Level 1:colcon.colcon_core.package_identification:_identify(foxglove) by extension 'python'
[1.562s] Level 1:colcon.colcon_core.package_identification:_identify(foxglove) by extensions ['python_setup_py']
[1.562s] Level 1:colcon.colcon_core.package_identification:_identify(foxglove) by extension 'python_setup_py'
[1.562s] Level 1:colcon.colcon_core.package_identification:_identify(install) by extensions ['ignore', 'ignore_ament_install']
[1.562s] Level 1:colcon.colcon_core.package_identification:_identify(install) by extension 'ignore'
[1.562s] Level 1:colcon.colcon_core.package_identification:_identify(install) ignored
[1.562s] Level 1:colcon.colcon_core.package_identification:_identify(log) by extensions ['ignore', 'ignore_ament_install']
[1.563s] Level 1:colcon.colcon_core.package_identification:_identify(log) by extension 'ignore'
[1.563s] Level 1:colcon.colcon_core.package_identification:_identify(log) ignored
[1.563s] Level 1:colcon.colcon_core.package_identification:_identify(src) by extensions ['ignore', 'ignore_ament_install']
[1.563s] Level 1:colcon.colcon_core.package_identification:_identify(src) by extension 'ignore'
[1.563s] Level 1:colcon.colcon_core.package_identification:_identify(src) by extension 'ignore_ament_install'
[1.563s] Level 1:colcon.colcon_core.package_identification:_identify(src) by extensions ['colcon_pkg']
[1.563s] Level 1:colcon.colcon_core.package_identification:_identify(src) by extension 'colcon_pkg'
[1.563s] Level 1:colcon.colcon_core.package_identification:_identify(src) by extensions ['colcon_meta']
[1.564s] Level 1:colcon.colcon_core.package_identification:_identify(src) by extension 'colcon_meta'
[1.564s] Level 1:colcon.colcon_core.package_identification:_identify(src) by extensions ['ros']
[1.564s] Level 1:colcon.colcon_core.package_identification:_identify(src) by extension 'ros'
[1.564s] Level 1:colcon.colcon_core.package_identification:_identify(src) by extensions ['cmake', 'python']
[1.564s] Level 1:colcon.colcon_core.package_identification:_identify(src) by extension 'cmake'
[1.564s] Level 1:colcon.colcon_core.package_identification:_identify(src) by extension 'python'
[1.564s] Level 1:colcon.colcon_core.package_identification:_identify(src) by extensions ['python_setup_py']
[1.564s] Level 1:colcon.colcon_core.package_identification:_identify(src) by extension 'python_setup_py'
[1.564s] Level 1:colcon.colcon_core.package_identification:_identify(src/el2425) by extensions ['ignore', 'ignore_ament_install']
[1.565s] Level 1:colcon.colcon_core.package_identification:_identify(src/el2425) by extension 'ignore'
[1.565s] Level 1:colcon.colcon_core.package_identification:_identify(src/el2425) by extension 'ignore_ament_install'
[1.565s] Level 1:colcon.colcon_core.package_identification:_identify(src/el2425) by extensions ['colcon_pkg']
[1.565s] Level 1:colcon.colcon_core.package_identification:_identify(src/el2425) by extension 'colcon_pkg'
[1.565s] Level 1:colcon.colcon_core.package_identification:_identify(src/el2425) by extensions ['colcon_meta']
[1.565s] Level 1:colcon.colcon_core.package_identification:_identify(src/el2425) by extension 'colcon_meta'
[1.565s] Level 1:colcon.colcon_core.package_identification:_identify(src/el2425) by extensions ['ros']
[1.565s] Level 1:colcon.colcon_core.package_identification:_identify(src/el2425) by extension 'ros'
[1.576s] DEBUG:colcon.colcon_core.package_identification:Package 'src/el2425' with type 'ros.ament_python' and name 'el2425'
[1.577s] Level 1:colcon.colcon_core.package_identification:_identify(src/mocap4ros2_qualisys) by extensions ['ignore', 'ignore_ament_install']
[1.577s] Level 1:colcon.colcon_core.package_identification:_identify(src/mocap4ros2_qualisys) by extension 'ignore'
[1.577s] Level 1:colcon.colcon_core.package_identification:_identify(src/mocap4ros2_qualisys) by extension 'ignore_ament_install'
[1.577s] Level 1:colcon.colcon_core.package_identification:_identify(src/mocap4ros2_qualisys) by extensions ['colcon_pkg']
[1.578s] Level 1:colcon.colcon_core.package_identification:_identify(src/mocap4ros2_qualisys) by extension 'colcon_pkg'
[1.578s] Level 1:colcon.colcon_core.package_identification:_identify(src/mocap4ros2_qualisys) by extensions ['colcon_meta']
[1.578s] Level 1:colcon.colcon_core.package_identification:_identify(src/mocap4ros2_qualisys) by extension 'colcon_meta'
[1.578s] Level 1:colcon.colcon_core.package_identification:_identify(src/mocap4ros2_qualisys) by extensions ['ros']
[1.578s] Level 1:colcon.colcon_core.package_identification:_identify(src/mocap4ros2_qualisys) by extension 'ros'
[1.578s] Level 1:colcon.colcon_core.package_identification:_identify(src/mocap4ros2_qualisys) by extensions ['cmake', 'python']
[1.578s] Level 1:colcon.colcon_core.package_identification:_identify(src/mocap4ros2_qualisys) by extension 'cmake'
[1.579s] Level 1:colcon.colcon_core.package_identification:_identify(src/mocap4ros2_qualisys) by extension 'python'
[1.579s] Level 1:colcon.colcon_core.package_identification:_identify(src/mocap4ros2_qualisys) by extensions ['python_setup_py']
[1.579s] Level 1:colcon.colcon_core.package_identification:_identify(src/mocap4ros2_qualisys) by extension 'python_setup_py'
[1.579s] Level 1:colcon.colcon_core.package_identification:_identify(src/mocap4ros2_qualisys/qualisys_driver) by extensions ['ignore', 'ignore_ament_install']
[1.579s] Level 1:colcon.colcon_core.package_identification:_identify(src/mocap4ros2_qualisys/qualisys_driver) by extension 'ignore'
[1.579s] Level 1:colcon.colcon_core.package_identification:_identify(src/mocap4ros2_qualisys/qualisys_driver) by extension 'ignore_ament_install'
[1.580s] Level 1:colcon.colcon_core.package_identification:_identify(src/mocap4ros2_qualisys/qualisys_driver) by extensions ['colcon_pkg']
[1.580s] Level 1:colcon.colcon_core.package_identification:_identify(src/mocap4ros2_qualisys/qualisys_driver) by extension 'colcon_pkg'
[1.580s] Level 1:colcon.colcon_core.package_identification:_identify(src/mocap4ros2_qualisys/qualisys_driver) by extensions ['colcon_meta']
[1.580s] Level 1:colcon.colcon_core.package_identification:_identify(src/mocap4ros2_qualisys/qualisys_driver) by extension 'colcon_meta'
[1.580s] Level 1:colcon.colcon_core.package_identification:_identify(src/mocap4ros2_qualisys/qualisys_driver) by extensions ['ros']
[1.580s] Level 1:colcon.colcon_core.package_identification:_identify(src/mocap4ros2_qualisys/qualisys_driver) by extension 'ros'
[1.583s] DEBUG:colcon.colcon_core.package_identification:Package 'src/mocap4ros2_qualisys/qualisys_driver' with type 'ros.ament_cmake' and name 'qualisys_driver'
[1.583s] Level 1:colcon.colcon_core.package_identification:_identify(src/motion_capture_system) by extensions ['ignore', 'ignore_ament_install']
[1.586s] Level 1:colcon.colcon_core.package_identification:_identify(src/motion_capture_system) by extension 'ignore'
[1.587s] Level 1:colcon.colcon_core.package_identification:_identify(src/motion_capture_system) by extension 'ignore_ament_install'
[1.587s] Level 1:colcon.colcon_core.package_identification:_identify(src/motion_capture_system) by extensions ['colcon_pkg']
[1.587s] Level 1:colcon.colcon_core.package_identification:_identify(src/motion_capture_system) by extension 'colcon_pkg'
[1.587s] Level 1:colcon.colcon_core.package_identification:_identify(src/motion_capture_system) by extensions ['colcon_meta']
[1.587s] Level 1:colcon.colcon_core.package_identification:_identify(src/motion_capture_system) by extension 'colcon_meta'
[1.588s] Level 1:colcon.colcon_core.package_identification:_identify(src/motion_capture_system) by extensions ['ros']
[1.588s] Level 1:colcon.colcon_core.package_identification:_identify(src/motion_capture_system) by extension 'ros'
[1.588s] Level 1:colcon.colcon_core.package_identification:_identify(src/motion_capture_system) by extensions ['cmake', 'python']
[1.588s] Level 1:colcon.colcon_core.package_identification:_identify(src/motion_capture_system) by extension 'cmake'
[1.588s] Level 1:colcon.colcon_core.package_identification:_identify(src/motion_capture_system) by extension 'python'
[1.588s] Level 1:colcon.colcon_core.package_identification:_identify(src/motion_capture_system) by extensions ['python_setup_py']
[1.588s] Level 1:colcon.colcon_core.package_identification:_identify(src/motion_capture_system) by extension 'python_setup_py'
[1.589s] Level 1:colcon.colcon_core.package_identification:_identify(src/motion_capture_system/mocap_base) by extensions ['ignore', 'ignore_ament_install']
[1.602s] Level 1:colcon.colcon_core.package_identification:_identify(src/motion_capture_system/mocap_base) by extension 'ignore'
[1.602s] Level 1:colcon.colcon_core.package_identification:_identify(src/motion_capture_system/mocap_base) by extension 'ignore_ament_install'
[1.602s] Level 1:colcon.colcon_core.package_identification:_identify(src/motion_capture_system/mocap_base) by extensions ['colcon_pkg']
[1.603s] Level 1:colcon.colcon_core.package_identification:_identify(src/motion_capture_system/mocap_base) by extension 'colcon_pkg'
[1.603s] Level 1:colcon.colcon_core.package_identification:_identify(src/motion_capture_system/mocap_base) by extensions ['colcon_meta']
[1.603s] Level 1:colcon.colcon_core.package_identification:_identify(src/motion_capture_system/mocap_base) by extension 'colcon_meta'
[1.603s] Level 1:colcon.colcon_core.package_identification:_identify(src/motion_capture_system/mocap_base) by extensions ['ros']
[1.603s] Level 1:colcon.colcon_core.package_identification:_identify(src/motion_capture_system/mocap_base) by extension 'ros'
[1.605s] DEBUG:colcon.colcon_core.package_identification:Package 'src/motion_capture_system/mocap_base' with type 'ros.ament_cmake' and name 'mocap_base'
[1.608s] Level 1:colcon.colcon_core.package_identification:_identify(src/motion_capture_system/mocap_qualisys) by extensions ['ignore', 'ignore_ament_install']
[1.609s] Level 1:colcon.colcon_core.package_identification:_identify(src/motion_capture_system/mocap_qualisys) by extension 'ignore'
[1.609s] Level 1:colcon.colcon_core.package_identification:_identify(src/motion_capture_system/mocap_qualisys) by extension 'ignore_ament_install'
[1.609s] Level 1:colcon.colcon_core.package_identification:_identify(src/motion_capture_system/mocap_qualisys) by extensions ['colcon_pkg']
[1.609s] Level 1:colcon.colcon_core.package_identification:_identify(src/motion_capture_system/mocap_qualisys) by extension 'colcon_pkg'
[1.609s] Level 1:colcon.colcon_core.package_identification:_identify(src/motion_capture_system/mocap_qualisys) by extensions ['colcon_meta']
[1.609s] Level 1:colcon.colcon_core.package_identification:_identify(src/motion_capture_system/mocap_qualisys) by extension 'colcon_meta'
[1.609s] Level 1:colcon.colcon_core.package_identification:_identify(src/motion_capture_system/mocap_qualisys) by extensions ['ros']
[1.610s] Level 1:colcon.colcon_core.package_identification:_identify(src/motion_capture_system/mocap_qualisys) by extension 'ros'
[1.612s] DEBUG:colcon.colcon_core.package_identification:Package 'src/motion_capture_system/mocap_qualisys' with type 'ros.ament_cmake' and name 'mocap_qualisys'
[1.612s] Level 1:colcon.colcon_core.package_identification:_identify(src/robot_localization) by extensions ['ignore', 'ignore_ament_install']
[1.612s] Level 1:colcon.colcon_core.package_identification:_identify(src/robot_localization) by extension 'ignore'
[1.613s] Level 1:colcon.colcon_core.package_identification:_identify(src/robot_localization) by extension 'ignore_ament_install'
[1.613s] Level 1:colcon.colcon_core.package_identification:_identify(src/robot_localization) by extensions ['colcon_pkg']
[1.613s] Level 1:colcon.colcon_core.package_identification:_identify(src/robot_localization) by extension 'colcon_pkg'
[1.613s] Level 1:colcon.colcon_core.package_identification:_identify(src/robot_localization) by extensions ['colcon_meta']
[1.613s] Level 1:colcon.colcon_core.package_identification:_identify(src/robot_localization) by extension 'colcon_meta'
[1.613s] Level 1:colcon.colcon_core.package_identification:_identify(src/robot_localization) by extensions ['ros']
[1.613s] Level 1:colcon.colcon_core.package_identification:_identify(src/robot_localization) by extension 'ros'
[1.619s] DEBUG:colcon.colcon_core.package_identification:Package 'src/robot_localization' with type 'ros.ament_cmake' and name 'robot_localization'
[1.619s] Level 1:colcon.colcon_core.package_identification:_identify(src/svea_charging) by extensions ['ignore', 'ignore_ament_install']
[1.620s] Level 1:colcon.colcon_core.package_identification:_identify(src/svea_charging) by extension 'ignore'
[1.620s] Level 1:colcon.colcon_core.package_identification:_identify(src/svea_charging) by extension 'ignore_ament_install'
[1.620s] Level 1:colcon.colcon_core.package_identification:_identify(src/svea_charging) by extensions ['colcon_pkg']
[1.620s] Level 1:colcon.colcon_core.package_identification:_identify(src/svea_charging) by extension 'colcon_pkg'
[1.620s] Level 1:colcon.colcon_core.package_identification:_identify(src/svea_charging) by extensions ['colcon_meta']
[1.620s] Level 1:colcon.colcon_core.package_identification:_identify(src/svea_charging) by extension 'colcon_meta'
[1.620s] Level 1:colcon.colcon_core.package_identification:_identify(src/svea_charging) by extensions ['ros']
[1.620s] Level 1:colcon.colcon_core.package_identification:_identify(src/svea_charging) by extension 'ros'
[1.622s] DEBUG:colcon.colcon_core.package_identification:Package 'src/svea_charging' with type 'ros.ament_python' and name 'svea_charging'
[1.623s] Level 1:colcon.colcon_core.package_identification:_identify(src/svea_core) by extensions ['ignore', 'ignore_ament_install']
[1.623s] Level 1:colcon.colcon_core.package_identification:_identify(src/svea_core) by extension 'ignore'
[1.623s] Level 1:colcon.colcon_core.package_identification:_identify(src/svea_core) by extension 'ignore_ament_install'
[1.623s] Level 1:colcon.colcon_core.package_identification:_identify(src/svea_core) by extensions ['colcon_pkg']
[1.624s] Level 1:colcon.colcon_core.package_identification:_identify(src/svea_core) by extension 'colcon_pkg'
[1.624s] Level 1:colcon.colcon_core.package_identification:_identify(src/svea_core) by extensions ['colcon_meta']
[1.624s] Level 1:colcon.colcon_core.package_identification:_identify(src/svea_core) by extension 'colcon_meta'
[1.624s] Level 1:colcon.colcon_core.package_identification:_identify(src/svea_core) by extensions ['ros']
[1.624s] Level 1:colcon.colcon_core.package_identification:_identify(src/svea_core) by extension 'ros'
[1.627s] DEBUG:colcon.colcon_core.package_identification:Package 'src/svea_core' with type 'ros.ament_python' and name 'svea_core'
[1.627s] Level 1:colcon.colcon_core.package_identification:_identify(src/svea_examples) by extensions ['ignore', 'ignore_ament_install']
[1.627s] Level 1:colcon.colcon_core.package_identification:_identify(src/svea_examples) by extension 'ignore'
[1.627s] Level 1:colcon.colcon_core.package_identification:_identify(src/svea_examples) by extension 'ignore_ament_install'
[1.628s] Level 1:colcon.colcon_core.package_identification:_identify(src/svea_examples) by extensions ['colcon_pkg']
[1.628s] Level 1:colcon.colcon_core.package_identification:_identify(src/svea_examples) by extension 'colcon_pkg'
[1.628s] Level 1:colcon.colcon_core.package_identification:_identify(src/svea_examples) by extensions ['colcon_meta']
[1.628s] Level 1:colcon.colcon_core.package_identification:_identify(src/svea_examples) by extension 'colcon_meta'
[1.628s] Level 1:colcon.colcon_core.package_identification:_identify(src/svea_examples) by extensions ['ros']
[1.628s] Level 1:colcon.colcon_core.package_identification:_identify(src/svea_examples) by extension 'ros'
[1.630s] DEBUG:colcon.colcon_core.package_identification:Package 'src/svea_examples' with type 'ros.ament_python' and name 'svea_examples'
[1.632s] Level 1:colcon.colcon_core.package_identification:_identify(src/svea_localization) by extensions ['ignore', 'ignore_ament_install']
[1.632s] Level 1:colcon.colcon_core.package_identification:_identify(src/svea_localization) by extension 'ignore'
[1.632s] Level 1:colcon.colcon_core.package_identification:_identify(src/svea_localization) by extension 'ignore_ament_install'
[1.632s] Level 1:colcon.colcon_core.package_identification:_identify(src/svea_localization) by extensions ['colcon_pkg']
[1.632s] Level 1:colcon.colcon_core.package_identification:_identify(src/svea_localization) by extension 'colcon_pkg'
[1.633s] Level 1:colcon.colcon_core.package_identification:_identify(src/svea_localization) by extensions ['colcon_meta']
[1.633s] Level 1:colcon.colcon_core.package_identification:_identify(src/svea_localization) by extension 'colcon_meta'
[1.633s] Level 1:colcon.colcon_core.package_identification:_identify(src/svea_localization) by extensions ['ros']
[1.633s] Level 1:colcon.colcon_core.package_identification:_identify(src/svea_localization) by extension 'ros'
[1.636s] DEBUG:colcon.colcon_core.package_identification:Package 'src/svea_localization' with type 'ros.ament_python' and name 'svea_localization'
[1.636s] Level 1:colcon.colcon_core.package_identification:_identify(src/svea_mocap) by extensions ['ignore', 'ignore_ament_install']
[1.636s] Level 1:colcon.colcon_core.package_identification:_identify(src/svea_mocap) by extension 'ignore'
[1.636s] Level 1:colcon.colcon_core.package_identification:_identify(src/svea_mocap) by extension 'ignore_ament_install'
[1.636s] Level 1:colcon.colcon_core.package_identification:_identify(src/svea_mocap) by extensions ['colcon_pkg']
[1.636s] Level 1:colcon.colcon_core.package_identification:_identify(src/svea_mocap) by extension 'colcon_pkg'
[1.637s] Level 1:colcon.colcon_core.package_identification:_identify(src/svea_mocap) by extensions ['colcon_meta']
[1.637s] Level 1:colcon.colcon_core.package_identification:_identify(src/svea_mocap) by extension 'colcon_meta'
[1.637s] Level 1:colcon.colcon_core.package_identification:_identify(src/svea_mocap) by extensions ['ros']
[1.637s] Level 1:colcon.colcon_core.package_identification:_identify(src/svea_mocap) by extension 'ros'
[1.639s] DEBUG:colcon.colcon_core.package_identification:Package 'src/svea_mocap' with type 'ros.ament_python' and name 'svea_mocap'
[1.639s] Level 1:colcon.colcon_core.package_identification:_identify(src/usb_cam) by extensions ['ignore', 'ignore_ament_install']
[1.639s] Level 1:colcon.colcon_core.package_identification:_identify(src/usb_cam) by extension 'ignore'
[1.640s] Level 1:colcon.colcon_core.package_identification:_identify(src/usb_cam) by extension 'ignore_ament_install'
[1.640s] Level 1:colcon.colcon_core.package_identification:_identify(src/usb_cam) by extensions ['colcon_pkg']
[1.640s] Level 1:colcon.colcon_core.package_identification:_identify(src/usb_cam) by extension 'colcon_pkg'
[1.640s] Level 1:colcon.colcon_core.package_identification:_identify(src/usb_cam) by extensions ['colcon_meta']
[1.640s] Level 1:colcon.colcon_core.package_identification:_identify(src/usb_cam) by extension 'colcon_meta'
[1.640s] Level 1:colcon.colcon_core.package_identification:_identify(src/usb_cam) by extensions ['ros']
[1.640s] Level 1:colcon.colcon_core.package_identification:_identify(src/usb_cam) by extension 'ros'
[1.644s] DEBUG:colcon.colcon_core.package_identification:Package 'src/usb_cam' with type 'ros.ament_cmake' and name 'usb_cam'
[1.644s] Level 1:colcon.colcon_core.package_identification:_identify(util) by extensions ['ignore', 'ignore_ament_install']
[1.644s] Level 1:colcon.colcon_core.package_identification:_identify(util) by extension 'ignore'
[1.644s] Level 1:colcon.colcon_core.package_identification:_identify(util) by extension 'ignore_ament_install'
[1.645s] Level 1:colcon.colcon_core.package_identification:_identify(util) by extensions ['colcon_pkg']
[1.645s] Level 1:colcon.colcon_core.package_identification:_identify(util) by extension 'colcon_pkg'
[1.645s] Level 1:colcon.colcon_core.package_identification:_identify(util) by extensions ['colcon_meta']
[1.645s] Level 1:colcon.colcon_core.package_identification:_identify(util) by extension 'colcon_meta'
[1.645s] Level 1:colcon.colcon_core.package_identification:_identify(util) by extensions ['ros']
[1.645s] Level 1:colcon.colcon_core.package_identification:_identify(util) by extension 'ros'
[1.645s] Level 1:colcon.colcon_core.package_identification:_identify(util) by extensions ['cmake', 'python']
[1.645s] Level 1:colcon.colcon_core.package_identification:_identify(util) by extension 'cmake'
[1.646s] Level 1:colcon.colcon_core.package_identification:_identify(util) by extension 'python'
[1.646s] Level 1:colcon.colcon_core.package_identification:_identify(util) by extensions ['python_setup_py']
[1.646s] Level 1:colcon.colcon_core.package_identification:_identify(util) by extension 'python_setup_py'
[1.646s] Level 1:colcon.colcon_core.package_discovery:discover_packages(recursive) using defaults
[1.646s] Level 1:colcon.colcon_core.package_discovery:discover_packages(ignore) discover
[1.646s] Level 1:colcon.colcon_core.package_discovery:discover_packages(ignore) using defaults
[1.646s] Level 1:colcon.colcon_core.package_discovery:discover_packages(path) discover
[1.646s] Level 1:colcon.colcon_core.package_discovery:discover_packages(path) using defaults
[1.797s] INFO:colcon.colcon_core.package_selection:Skipping not selected package 'mocap_base' in 'src/motion_capture_system/mocap_base'
[1.798s] INFO:colcon.colcon_core.package_selection:Skipping not selected package 'robot_localization' in 'src/robot_localization'
[1.798s] INFO:colcon.colcon_core.package_selection:Skipping not selected package 'usb_cam' in 'src/usb_cam'
[1.798s] INFO:colcon.colcon_core.package_selection:Skipping not selected package 'mocap_qualisys' in 'src/motion_capture_system/mocap_qualisys'
[1.798s] INFO:colcon.colcon_core.package_selection:Skipping not selected package 'svea_localization' in 'src/svea_localization'
[1.798s] INFO:colcon.colcon_core.package_selection:Skipping not selected package 'svea_core' in 'src/svea_core'
[1.798s] INFO:colcon.colcon_core.package_selection:Skipping not selected package 'el2425' in 'src/el2425'
[1.798s] INFO:colcon.colcon_core.package_selection:Skipping not selected package 'svea_charging' in 'src/svea_charging'
[1.798s] INFO:colcon.colcon_core.package_selection:Skipping not selected package 'svea_examples' in 'src/svea_examples'
[1.798s] INFO:colcon.colcon_core.package_selection:Skipping not selected package 'svea_mocap' in 'src/svea_mocap'
[1.800s] Level 1:colcon.colcon_core.package_discovery:discover_packages(prefix_path) check parameters
[1.800s] Level 1:colcon.colcon_core.package_discovery:discover_packages(prefix_path) discover
[1.809s] DEBUG:colcon.colcon_installed_package_information.package_discovery:Found 295 installed packages in /opt/ros/humble
[1.812s] Level 1:colcon.colcon_core.package_discovery:discover_packages(prefix_path) using defaults
[1.931s] Level 5:colcon.colcon_core.verb:set package 'qualisys_driver' build argument 'cmake_args' from command line to 'None'
[1.932s] Level 5:colcon.colcon_core.verb:set package 'qualisys_driver' build argument 'cmake_target' from command line to 'None'
[1.932s] Level 5:colcon.colcon_core.verb:set package 'qualisys_driver' build argument 'cmake_target_skip_unavailable' from command line to 'False'
[1.932s] Level 5:colcon.colcon_core.verb:set package 'qualisys_driver' build argument 'cmake_clean_cache' from command line to 'False'
[1.932s] Level 5:colcon.colcon_core.verb:set package 'qualisys_driver' build argument 'cmake_clean_first' from command line to 'False'
[1.932s] Level 5:colcon.colcon_core.verb:set package 'qualisys_driver' build argument 'cmake_force_configure' from command line to 'False'
[1.932s] Level 5:colcon.colcon_core.verb:set package 'qualisys_driver' build argument 'ament_cmake_args' from command line to 'None'
[1.932s] Level 5:colcon.colcon_core.verb:set package 'qualisys_driver' build argument 'catkin_cmake_args' from command line to 'None'
[1.932s] Level 5:colcon.colcon_core.verb:set package 'qualisys_driver' build argument 'catkin_skip_building_tests' from command line to 'False'
[1.932s] DEBUG:colcon.colcon_core.verb:Building package 'qualisys_driver' with the following arguments: {'ament_cmake_args': None, 'build_base': '/home/user/Projects/svea_charging/build/qualisys_driver', 'catkin_cmake_args': None, 'catkin_skip_building_tests': False, 'cmake_args': None, 'cmake_clean_cache': False, 'cmake_clean_first': False, 'cmake_force_configure': False, 'cmake_target': None, 'cmake_target_skip_unavailable': False, 'install_base': '/home/user/Projects/svea_charging/install/qualisys_driver', 'merge_install': False, 'path': '/home/user/Projects/svea_charging/src/mocap4ros2_qualisys/qualisys_driver', 'symlink_install': True, 'test_result_base': None}
[1.933s] INFO:colcon.colcon_core.executor:Executing jobs using 'parallel' executor
[1.936s] DEBUG:colcon.colcon_parallel_executor.executor.parallel:run_until_complete
[1.936s] INFO:colcon.colcon_ros.task.ament_cmake.build:Building ROS package in '/home/user/Projects/svea_charging/src/mocap4ros2_qualisys/qualisys_driver' with build type 'ament_cmake'
[1.936s] INFO:colcon.colcon_cmake.task.cmake.build:Building CMake package in '/home/user/Projects/svea_charging/src/mocap4ros2_qualisys/qualisys_driver'
[1.953s] INFO:colcon.colcon_core.plugin_system:Skipping extension 'colcon_core.shell.bat': Not used on non-Windows systems
[1.954s] INFO:colcon.colcon_core.shell:Skip shell extension 'powershell' for command environment: Not usable outside of PowerShell
[1.954s] DEBUG:colcon.colcon_core.shell:Skip shell extension 'dsv' for command environment
[1.971s] DEBUG:colcon.colcon_core.event_handler.log_command:Invoking command in '/home/user/Projects/svea_charging/build/qualisys_driver': CMAKE_PREFIX_PATH=/opt/ros/humble /usr/bin/cmake /home/user/Projects/svea_charging/src/mocap4ros2_qualisys/qualisys_driver -DAMENT_CMAKE_SYMLINK_INSTALL=1 -DCMAKE_INSTALL_PREFIX=/home/user/Projects/svea_charging/install/qualisys_driver
[8.629s] DEBUG:colcon.colcon_core.event_handler.log_command:Invoked command in '/home/user/Projects/svea_charging/build/qualisys_driver' returned '1': CMAKE_PREFIX_PATH=/opt/ros/humble /usr/bin/cmake /home/user/Projects/svea_charging/src/mocap4ros2_qualisys/qualisys_driver -DAMENT_CMAKE_SYMLINK_INSTALL=1 -DCMAKE_INSTALL_PREFIX=/home/user/Projects/svea_charging/install/qualisys_driver
[31.960s] Level 1:colcon.colcon_core.environment:create_environment_scripts_only(qualisys_driver)
[32.013s] Level 1:colcon.colcon_core.environment:checking '/home/user/Projects/svea_charging/install/qualisys_driver' for CMake module files
[32.014s] Level 1:colcon.colcon_core.environment:checking '/home/user/Projects/svea_charging/install/qualisys_driver' for CMake config files
[32.015s] Level 1:colcon.colcon_core.environment:checking '/home/user/Projects/svea_charging/install/qualisys_driver/bin'
[32.015s] Level 1:colcon.colcon_core.environment:checking '/home/user/Projects/svea_charging/install/qualisys_driver/lib/pkgconfig/qualisys_driver.pc'
[32.016s] Level 1:colcon.colcon_core.environment:checking '/home/user/Projects/svea_charging/install/qualisys_driver/lib/python3.10/site-packages'
[32.016s] Level 1:colcon.colcon_core.environment:checking '/home/user/Projects/svea_charging/install/qualisys_driver/bin'
[32.017s] INFO:colcon.colcon_core.shell:Creating package script '/home/user/Projects/svea_charging/install/qualisys_driver/share/qualisys_driver/package.ps1'
[32.020s] INFO:colcon.colcon_core.shell:Creating package descriptor '/home/user/Projects/svea_charging/install/qualisys_driver/share/qualisys_driver/package.dsv'
[32.024s] INFO:colcon.colcon_core.shell:Creating package script '/home/user/Projects/svea_charging/install/qualisys_driver/share/qualisys_driver/package.sh'
[32.026s] INFO:colcon.colcon_core.shell:Creating package script '/home/user/Projects/svea_charging/install/qualisys_driver/share/qualisys_driver/package.bash'
[32.028s] INFO:colcon.colcon_core.shell:Creating package script '/home/user/Projects/svea_charging/install/qualisys_driver/share/qualisys_driver/package.zsh'
[32.030s] Level 1:colcon.colcon_core.environment:create_file_with_runtime_dependencies(/home/user/Projects/svea_charging/install/qualisys_driver/share/colcon-core/packages/qualisys_driver)
[32.042s] DEBUG:colcon.colcon_parallel_executor.executor.parallel:closing loop
[32.042s] DEBUG:colcon.colcon_parallel_executor.executor.parallel:loop closed
[32.042s] DEBUG:colcon.colcon_parallel_executor.executor.parallel:run_until_complete finished with '1'
[32.042s] DEBUG:colcon.colcon_core.event_reactor:joining thread
[32.060s] INFO:colcon.colcon_core.plugin_system:Skipping extension 'colcon_notification.desktop_notification.terminal_notifier': Not used on non-Darwin systems
[32.060s] INFO:colcon.colcon_core.plugin_system:Skipping extension 'colcon_notification.desktop_notification.win32': Not used on non-Windows systems
[32.060s] INFO:colcon.colcon_notification.desktop_notification:Sending desktop notification using 'notify2'
[32.061s] DEBUG:colcon.colcon_notification.desktop_notification.notify2:Failed to initialize notify2: org.freedesktop.DBus.Error.AccessDenied: Failed to connect to socket /run/user/1000/bus: Operation not permitted
[32.061s] DEBUG:colcon.colcon_core.event_reactor:joined thread
[32.062s] INFO:colcon.colcon_core.shell:Creating prefix script '/home/user/Projects/svea_charging/install/local_setup.ps1'
[32.064s] INFO:colcon.colcon_core.shell:Creating prefix util module '/home/user/Projects/svea_charging/install/_local_setup_util_ps1.py'
[32.069s] INFO:colcon.colcon_core.shell:Creating prefix chain script '/home/user/Projects/svea_charging/install/setup.ps1'
[32.075s] INFO:colcon.colcon_core.shell:Creating prefix script '/home/user/Projects/svea_charging/install/local_setup.sh'
[32.077s] INFO:colcon.colcon_core.shell:Creating prefix util module '/home/user/Projects/svea_charging/install/_local_setup_util_sh.py'
[32.079s] INFO:colcon.colcon_core.shell:Creating prefix chain script '/home/user/Projects/svea_charging/install/setup.sh'
[32.084s] INFO:colcon.colcon_core.shell:Creating prefix script '/home/user/Projects/svea_charging/install/local_setup.bash'
[32.086s] INFO:colcon.colcon_core.shell:Creating prefix chain script '/home/user/Projects/svea_charging/install/setup.bash'
[32.089s] INFO:colcon.colcon_core.shell:Creating prefix script '/home/user/Projects/svea_charging/install/local_setup.zsh'
[32.091s] INFO:colcon.colcon_core.shell:Creating prefix chain script '/home/user/Projects/svea_charging/install/setup.zsh'
