[0.282s] DEBUG:colcon:Command line arguments: ['/usr/bin/colcon', 'build', '--packages-select', 'qualisys_driver', '--symlink-install']
[0.283s] DEBUG:colcon:Parsed command line arguments: Namespace(log_base=None, log_level=None, verb_name='build', build_base='build', install_base='install', merge_install=False, symlink_install=True, test_result_base=None, continue_on_error=False, executor='parallel', parallel_workers=4, event_handlers=None, ignore_user_meta=False, metas=['./colcon.meta'], base_paths=['.'], packages_ignore=None, packages_ignore_regex=None, paths=None, packages_up_to=None, packages_up_to_regex=None, packages_above=None, packages_above_and_dependencies=None, packages_above_depth=None, packages_select_by_dep=None, packages_skip_by_dep=None, packages_skip_up_to=None, packages_select_build_failed=False, packages_skip_build_finished=False, packages_select_test_failures=False, packages_skip_test_passed=False, packages_select=['qualisys_driver'], packages_skip=None, packages_select_regex=None, packages_skip_regex=None, packages_start=None, packages_end=None, allow_overriding=[], cmake_args=None, cmake_target=None, cmake_target_skip_unavailable=False, cmake_clean_cache=False, cmake_clean_first=False, cmake_force_configure=False, ament_cmake_args=None, catkin_cmake_args=None, catkin_skip_building_tests=False, verb_parser=<colcon_defaults.argument_parser.defaults.DefaultArgumentsDecorator object at 0xffffbd311e10>, verb_extension=<colcon_core.verb.build.BuildVerb object at 0xffffbd311840>, main=<bound method BuildVerb.main of <colcon_core.verb.build.BuildVerb object at 0xffffbd311840>>)
[0.742s] Level 1:colcon.colcon_core.package_discovery:discover_packages(colcon_meta) check parameters
[0.743s] Level 1:colcon.colcon_core.package_discovery:discover_packages(recursive) check parameters
[0.743s] Level 1:colcon.colcon_core.package_discovery:discover_packages(ignore) check parameters
[0.743s] Level 1:colcon.colcon_core.package_discovery:discover_packages(path) check parameters
[0.743s] Level 1:colcon.colcon_core.package_discovery:discover_packages(colcon_meta) discover
[0.744s] Level 1:colcon.colcon_core.package_discovery:discover_packages(recursive) discover
[0.744s] INFO:colcon.colcon_core.package_discovery:Crawling recursively for packages in '/home/user/Projects/svea_charging'
[0.745s] Level 1:colcon.colcon_core.package_identification:_identify(.) by extensions ['ignore', 'ignore_ament_install']
[0.745s] Level 1:colcon.colcon_core.package_identification:_identify(.) by extension 'ignore'
[0.745s] Level 1:colcon.colcon_core.package_identification:_identify(.) by extension 'ignore_ament_install'
[0.746s] Level 1:colcon.colcon_core.package_identification:_identify(.) by extensions ['colcon_pkg']
[0.746s] Level 1:colcon.colcon_core.package_identification:_identify(.) by extension 'colcon_pkg'
[0.747s] Level 1:colcon.colcon_core.package_identification:_identify(.) by extensions ['colcon_meta']
[0.747s] Level 1:colcon.colcon_core.package_identification:_identify(.) by extension 'colcon_meta'
[0.747s] Level 1:colcon.colcon_core.package_identification:_identify(.) by extensions ['ros']
[0.747s] Level 1:colcon.colcon_core.package_identification:_identify(.) by extension 'ros'
[0.778s] Level 1:colcon.colcon_core.package_identification:_identify(.) by extensions ['cmake', 'python']
[0.779s] Level 1:colcon.colcon_core.package_identification:_identify(.) by extension 'cmake'
[0.779s] Level 1:colcon.colcon_core.package_identification:_identify(.) by extension 'python'
[0.779s] Level 1:colcon.colcon_core.package_identification:_identify(.) by extensions ['python_setup_py']
[0.780s] Level 1:colcon.colcon_core.package_identification:_identify(.) by extension 'python_setup_py'
[0.780s] Level 1:colcon.colcon_core.package_identification:_identify(build) by extensions ['ignore', 'ignore_ament_install']
[0.781s] Level 1:colcon.colcon_core.package_identification:_identify(build) by extension 'ignore'
[0.781s] Level 1:colcon.colcon_core.package_identification:_identify(build) ignored
[0.781s] Level 1:colcon.colcon_core.package_identification:_identify(docker) by extensions ['ignore', 'ignore_ament_install']
[0.782s] Level 1:colcon.colcon_core.package_identification:_identify(docker) by extension 'ignore'
[0.782s] Level 1:colcon.colcon_core.package_identification:_identify(docker) by extension 'ignore_ament_install'
[0.782s] Level 1:colcon.colcon_core.package_identification:_identify(docker) by extensions ['colcon_pkg']
[0.783s] Level 1:colcon.colcon_core.package_identification:_identify(docker) by extension 'colcon_pkg'
[0.783s] Level 1:colcon.colcon_core.package_identification:_identify(docker) by extensions ['colcon_meta']
[0.783s] Level 1:colcon.colcon_core.package_identification:_identify(docker) by extension 'colcon_meta'
[0.783s] Level 1:colcon.colcon_core.package_identification:_identify(docker) by extensions ['ros']
[0.784s] Level 1:colcon.colcon_core.package_identification:_identify(docker) by extension 'ros'
[0.784s] Level 1:colcon.colcon_core.package_identification:_identify(docker) by extensions ['cmake', 'python']
[0.784s] Level 1:colcon.colcon_core.package_identification:_identify(docker) by extension 'cmake'
[0.785s] Level 1:colcon.colcon_core.package_identification:_identify(docker) by extension 'python'
[0.785s] Level 1:colcon.colcon_core.package_identification:_identify(docker) by extensions ['python_setup_py']
[0.785s] Level 1:colcon.colcon_core.package_identification:_identify(docker) by extension 'python_setup_py'
[0.786s] Level 1:colcon.colcon_core.package_identification:_identify(docs) by extensions ['ignore', 'ignore_ament_install']
[0.786s] Level 1:colcon.colcon_core.package_identification:_identify(docs) by extension 'ignore'
[0.786s] Level 1:colcon.colcon_core.package_identification:_identify(docs) by extension 'ignore_ament_install'
[0.787s] Level 1:colcon.colcon_core.package_identification:_identify(docs) by extensions ['colcon_pkg']
[0.787s] Level 1:colcon.colcon_core.package_identification:_identify(docs) by extension 'colcon_pkg'
[0.787s] Level 1:colcon.colcon_core.package_identification:_identify(docs) by extensions ['colcon_meta']
[0.787s] Level 1:colcon.colcon_core.package_identification:_identify(docs) by extension 'colcon_meta'
[0.787s] Level 1:colcon.colcon_core.package_identification:_identify(docs) by extensions ['ros']
[0.787s] Level 1:colcon.colcon_core.package_identification:_identify(docs) by extension 'ros'
[0.788s] Level 1:colcon.colcon_core.package_identification:_identify(docs) by extensions ['cmake', 'python']
[0.788s] Level 1:colcon.colcon_core.package_identification:_identify(docs) by extension 'cmake'
[0.788s] Level 1:colcon.colcon_core.package_identification:_identify(docs) by extension 'python'
[0.788s] Level 1:colcon.colcon_core.package_identification:_identify(docs) by extensions ['python_setup_py']
[0.788s] Level 1:colcon.colcon_core.package_identification:_identify(docs) by extension 'python_setup_py'
[0.788s] Level 1:colcon.colcon_core.package_identification:_identify(docs/development) by extensions ['ignore', 'ignore_ament_install']
[0.788s] Level 1:colcon.colcon_core.package_identification:_identify(docs/development) by extension 'ignore'
[0.789s] Level 1:colcon.colcon_core.package_identification:_identify(docs/development) by extension 'ignore_ament_install'
[0.789s] Level 1:colcon.colcon_core.package_identification:_identify(docs/development) by extensions ['colcon_pkg']
[0.789s] Level 1:colcon.colcon_core.package_identification:_identify(docs/development) by extension 'colcon_pkg'
[0.789s] Level 1:colcon.colcon_core.package_identification:_identify(docs/development) by extensions ['colcon_meta']
[0.789s] Level 1:colcon.colcon_core.package_identification:_identify(docs/development) by extension 'colcon_meta'
[0.789s] Level 1:colcon.colcon_core.package_identification:_identify(docs/development) by extensions ['ros']
[0.789s] Level 1:colcon.colcon_core.package_identification:_identify(docs/development) by extension 'ros'
[0.789s] Level 1:colcon.colcon_core.package_identification:_identify(docs/development) by extensions ['cmake', 'python']
[0.789s] Level 1:colcon.colcon_core.package_identification:_identify(docs/development) by extension 'cmake'
[0.790s] Level 1:colcon.colcon_core.package_identification:_identify(docs/development) by extension 'python'
[0.790s] Level 1:colcon.colcon_core.package_identification:_identify(docs/development) by extensions ['python_setup_py']
[0.790s] Level 1:colcon.colcon_core.package_identification:_identify(docs/development) by extension 'python_setup_py'
[0.790s] Level 1:colcon.colcon_core.package_identification:_identify(docs/examples) by extensions ['ignore', 'ignore_ament_install']
[0.790s] Level 1:colcon.colcon_core.package_identification:_identify(docs/examples) by extension 'ignore'
[0.790s] Level 1:colcon.colcon_core.package_identification:_identify(docs/examples) by extension 'ignore_ament_install'
[0.791s] Level 1:colcon.colcon_core.package_identification:_identify(docs/examples) by extensions ['colcon_pkg']
[0.791s] Level 1:colcon.colcon_core.package_identification:_identify(docs/examples) by extension 'colcon_pkg'
[0.791s] Level 1:colcon.colcon_core.package_identification:_identify(docs/examples) by extensions ['colcon_meta']
[0.791s] Level 1:colcon.colcon_core.package_identification:_identify(docs/examples) by extension 'colcon_meta'
[0.791s] Level 1:colcon.colcon_core.package_identification:_identify(docs/examples) by extensions ['ros']
[0.791s] Level 1:colcon.colcon_core.package_identification:_identify(docs/examples) by extension 'ros'
[0.791s] Level 1:colcon.colcon_core.package_identification:_identify(docs/examples) by extensions ['cmake', 'python']
[0.791s] Level 1:colcon.colcon_core.package_identification:_identify(docs/examples) by extension 'cmake'
[0.791s] Level 1:colcon.colcon_core.package_identification:_identify(docs/examples) by extension 'python'
[0.792s] Level 1:colcon.colcon_core.package_identification:_identify(docs/examples) by extensions ['python_setup_py']
[0.792s] Level 1:colcon.colcon_core.package_identification:_identify(docs/examples) by extension 'python_setup_py'
[0.792s] Level 1:colcon.colcon_core.package_identification:_identify(docs/media) by extensions ['ignore', 'ignore_ament_install']
[0.792s] Level 1:colcon.colcon_core.package_identification:_identify(docs/media) by extension 'ignore'
[0.792s] Level 1:colcon.colcon_core.package_identification:_identify(docs/media) by extension 'ignore_ament_install'
[0.792s] Level 1:colcon.colcon_core.package_identification:_identify(docs/media) by extensions ['colcon_pkg']
[0.793s] Level 1:colcon.colcon_core.package_identification:_identify(docs/media) by extension 'colcon_pkg'
[0.793s] Level 1:colcon.colcon_core.package_identification:_identify(docs/media) by extensions ['colcon_meta']
[0.793s] Level 1:colcon.colcon_core.package_identification:_identify(docs/media) by extension 'colcon_meta'
[0.793s] Level 1:colcon.colcon_core.package_identification:_identify(docs/media) by extensions ['ros']
[0.793s] Level 1:colcon.colcon_core.package_identification:_identify(docs/media) by extension 'ros'
[0.793s] Level 1:colcon.colcon_core.package_identification:_identify(docs/media) by extensions ['cmake', 'python']
[0.793s] Level 1:colcon.colcon_core.package_identification:_identify(docs/media) by extension 'cmake'
[0.793s] Level 1:colcon.colcon_core.package_identification:_identify(docs/media) by extension 'python'
[0.793s] Level 1:colcon.colcon_core.package_identification:_identify(docs/media) by extensions ['python_setup_py']
[0.793s] Level 1:colcon.colcon_core.package_identification:_identify(docs/media) by extension 'python_setup_py'
[0.794s] Level 1:colcon.colcon_core.package_identification:_identify(docs/media/tutorials) by extensions ['ignore', 'ignore_ament_install']
[0.794s] Level 1:colcon.colcon_core.package_identification:_identify(docs/media/tutorials) by extension 'ignore'
[0.794s] Level 1:colcon.colcon_core.package_identification:_identify(docs/media/tutorials) by extension 'ignore_ament_install'
[0.794s] Level 1:colcon.colcon_core.package_identification:_identify(docs/media/tutorials) by extensions ['colcon_pkg']
[0.794s] Level 1:colcon.colcon_core.package_identification:_identify(docs/media/tutorials) by extension 'colcon_pkg'
[0.794s] Level 1:colcon.colcon_core.package_identification:_identify(docs/media/tutorials) by extensions ['colcon_meta']
[0.795s] Level 1:colcon.colcon_core.package_identification:_identify(docs/media/tutorials) by extension 'colcon_meta'
[0.795s] Level 1:colcon.colcon_core.package_identification:_identify(docs/media/tutorials) by extensions ['ros']
[0.795s] Level 1:colcon.colcon_core.package_identification:_identify(docs/media/tutorials) by extension 'ros'
[0.795s] Level 1:colcon.colcon_core.package_identification:_identify(docs/media/tutorials) by extensions ['cmake', 'python']
[0.795s] Level 1:colcon.colcon_core.package_identification:_identify(docs/media/tutorials) by extension 'cmake'
[0.795s] Level 1:colcon.colcon_core.package_identification:_identify(docs/media/tutorials) by extension 'python'
[0.795s] Level 1:colcon.colcon_core.package_identification:_identify(docs/media/tutorials) by extensions ['python_setup_py']
[0.795s] Level 1:colcon.colcon_core.package_identification:_identify(docs/media/tutorials) by extension 'python_setup_py'
[0.796s] Level 1:colcon.colcon_core.package_identification:_identify(docs/reference) by extensions ['ignore', 'ignore_ament_install']
[0.796s] Level 1:colcon.colcon_core.package_identification:_identify(docs/reference) by extension 'ignore'
[0.796s] Level 1:colcon.colcon_core.package_identification:_identify(docs/reference) by extension 'ignore_ament_install'
[0.796s] Level 1:colcon.colcon_core.package_identification:_identify(docs/reference) by extensions ['colcon_pkg']
[0.796s] Level 1:colcon.colcon_core.package_identification:_identify(docs/reference) by extension 'colcon_pkg'
[0.796s] Level 1:colcon.colcon_core.package_identification:_identify(docs/reference) by extensions ['colcon_meta']
[0.796s] Level 1:colcon.colcon_core.package_identification:_identify(docs/reference) by extension 'colcon_meta'
[0.796s] Level 1:colcon.colcon_core.package_identification:_identify(docs/reference) by extensions ['ros']
[0.797s] Level 1:colcon.colcon_core.package_identification:_identify(docs/reference) by extension 'ros'
[0.797s] Level 1:colcon.colcon_core.package_identification:_identify(docs/reference) by extensions ['cmake', 'python']
[0.797s] Level 1:colcon.colcon_core.package_identification:_identify(docs/reference) by extension 'cmake'
[0.797s] Level 1:colcon.colcon_core.package_identification:_identify(docs/reference) by extension 'python'
[0.797s] Level 1:colcon.colcon_core.package_identification:_identify(docs/reference) by extensions ['python_setup_py']
[0.797s] Level 1:colcon.colcon_core.package_identification:_identify(docs/reference) by extension 'python_setup_py'
[0.797s] Level 1:colcon.colcon_core.package_identification:_identify(docs/setup) by extensions ['ignore', 'ignore_ament_install']
[0.798s] Level 1:colcon.colcon_core.package_identification:_identify(docs/setup) by extension 'ignore'
[0.798s] Level 1:colcon.colcon_core.package_identification:_identify(docs/setup) by extension 'ignore_ament_install'
[0.798s] Level 1:colcon.colcon_core.package_identification:_identify(docs/setup) by extensions ['colcon_pkg']
[0.798s] Level 1:colcon.colcon_core.package_identification:_identify(docs/setup) by extension 'colcon_pkg'
[0.798s] Level 1:colcon.colcon_core.package_identification:_identify(docs/setup) by extensions ['colcon_meta']
[0.798s] Level 1:colcon.colcon_core.package_identification:_identify(docs/setup) by extension 'colcon_meta'
[0.798s] Level 1:colcon.colcon_core.package_identification:_identify(docs/setup) by extensions ['ros']
[0.798s] Level 1:colcon.colcon_core.package_identification:_identify(docs/setup) by extension 'ros'
[0.798s] Level 1:colcon.colcon_core.package_identification:_identify(docs/setup) by extensions ['cmake', 'python']
[0.799s] Level 1:colcon.colcon_core.package_identification:_identify(docs/setup) by extension 'cmake'
[0.799s] Level 1:colcon.colcon_core.package_identification:_identify(docs/setup) by extension 'python'
[0.799s] Level 1:colcon.colcon_core.package_identification:_identify(docs/setup) by extensions ['python_setup_py']
[0.799s] Level 1:colcon.colcon_core.package_identification:_identify(docs/setup) by extension 'python_setup_py'
[0.799s] Level 1:colcon.colcon_core.package_identification:_identify(docs/tutorials) by extensions ['ignore', 'ignore_ament_install']
[0.799s] Level 1:colcon.colcon_core.package_identification:_identify(docs/tutorials) by extension 'ignore'
[0.800s] Level 1:colcon.colcon_core.package_identification:_identify(docs/tutorials) by extension 'ignore_ament_install'
[0.800s] Level 1:colcon.colcon_core.package_identification:_identify(docs/tutorials) by extensions ['colcon_pkg']
[0.800s] Level 1:colcon.colcon_core.package_identification:_identify(docs/tutorials) by extension 'colcon_pkg'
[0.800s] Level 1:colcon.colcon_core.package_identification:_identify(docs/tutorials) by extensions ['colcon_meta']
[0.800s] Level 1:colcon.colcon_core.package_identification:_identify(docs/tutorials) by extension 'colcon_meta'
[0.800s] Level 1:colcon.colcon_core.package_identification:_identify(docs/tutorials) by extensions ['ros']
[0.800s] Level 1:colcon.colcon_core.package_identification:_identify(docs/tutorials) by extension 'ros'
[0.800s] Level 1:colcon.colcon_core.package_identification:_identify(docs/tutorials) by extensions ['cmake', 'python']
[0.800s] Level 1:colcon.colcon_core.package_identification:_identify(docs/tutorials) by extension 'cmake'
[0.801s] Level 1:colcon.colcon_core.package_identification:_identify(docs/tutorials) by extension 'python'
[0.801s] Level 1:colcon.colcon_core.package_identification:_identify(docs/tutorials) by extensions ['python_setup_py']
[0.801s] Level 1:colcon.colcon_core.package_identification:_identify(docs/tutorials) by extension 'python_setup_py'
[0.801s] Level 1:colcon.colcon_core.package_identification:_identify(firmware) by extensions ['ignore', 'ignore_ament_install']
[0.801s] Level 1:colcon.colcon_core.package_identification:_identify(firmware) by extension 'ignore'
[0.801s] Level 1:colcon.colcon_core.package_identification:_identify(firmware) by extension 'ignore_ament_install'
[0.801s] Level 1:colcon.colcon_core.package_identification:_identify(firmware) by extensions ['colcon_pkg']
[0.802s] Level 1:colcon.colcon_core.package_identification:_identify(firmware) by extension 'colcon_pkg'
[0.802s] Level 1:colcon.colcon_core.package_identification:_identify(firmware) by extensions ['colcon_meta']
[0.802s] Level 1:colcon.colcon_core.package_identification:_identify(firmware) by extension 'colcon_meta'
[0.802s] Level 1:colcon.colcon_core.package_identification:_identify(firmware) by extensions ['ros']
[0.802s] Level 1:colcon.colcon_core.package_identification:_identify(firmware) by extension 'ros'
[0.802s] Level 1:colcon.colcon_core.package_identification:_identify(firmware) by extensions ['cmake', 'python']
[0.802s] Level 1:colcon.colcon_core.package_identification:_identify(firmware) by extension 'cmake'
[0.802s] Level 1:colcon.colcon_core.package_identification:_identify(firmware) by extension 'python'
[0.802s] Level 1:colcon.colcon_core.package_identification:_identify(firmware) by extensions ['python_setup_py']
[0.802s] Level 1:colcon.colcon_core.package_identification:_identify(firmware) by extension 'python_setup_py'
[0.803s] Level 1:colcon.colcon_core.package_identification:_identify(foxglove) by extensions ['ignore', 'ignore_ament_install']
[0.803s] Level 1:colcon.colcon_core.package_identification:_identify(foxglove) by extension 'ignore'
[0.803s] Level 1:colcon.colcon_core.package_identification:_identify(foxglove) by extension 'ignore_ament_install'
[0.803s] Level 1:colcon.colcon_core.package_identification:_identify(foxglove) by extensions ['colcon_pkg']
[0.803s] Level 1:colcon.colcon_core.package_identification:_identify(foxglove) by extension 'colcon_pkg'
[0.803s] Level 1:colcon.colcon_core.package_identification:_identify(foxglove) by extensions ['colcon_meta']
[0.803s] Level 1:colcon.colcon_core.package_identification:_identify(foxglove) by extension 'colcon_meta'
[0.803s] Level 1:colcon.colcon_core.package_identification:_identify(foxglove) by extensions ['ros']
[0.804s] Level 1:colcon.colcon_core.package_identification:_identify(foxglove) by extension 'ros'
[0.804s] Level 1:colcon.colcon_core.package_identification:_identify(foxglove) by extensions ['cmake', 'python']
[0.804s] Level 1:colcon.colcon_core.package_identification:_identify(foxglove) by extension 'cmake'
[0.804s] Level 1:colcon.colcon_core.package_identification:_identify(foxglove) by extension 'python'
[0.804s] Level 1:colcon.colcon_core.package_identification:_identify(foxglove) by extensions ['python_setup_py']
[0.804s] Level 1:colcon.colcon_core.package_identification:_identify(foxglove) by extension 'python_setup_py'
[0.804s] Level 1:colcon.colcon_core.package_identification:_identify(install) by extensions ['ignore', 'ignore_ament_install']
[0.805s] Level 1:colcon.colcon_core.package_identification:_identify(install) by extension 'ignore'
[0.805s] Level 1:colcon.colcon_core.package_identification:_identify(install) ignored
[0.805s] Level 1:colcon.colcon_core.package_identification:_identify(log) by extensions ['ignore', 'ignore_ament_install']
[0.805s] Level 1:colcon.colcon_core.package_identification:_identify(log) by extension 'ignore'
[0.805s] Level 1:colcon.colcon_core.package_identification:_identify(log) ignored
[0.806s] Level 1:colcon.colcon_core.package_identification:_identify(src) by extensions ['ignore', 'ignore_ament_install']
[0.806s] Level 1:colcon.colcon_core.package_identification:_identify(src) by extension 'ignore'
[0.806s] Level 1:colcon.colcon_core.package_identification:_identify(src) by extension 'ignore_ament_install'
[0.806s] Level 1:colcon.colcon_core.package_identification:_identify(src) by extensions ['colcon_pkg']
[0.806s] Level 1:colcon.colcon_core.package_identification:_identify(src) by extension 'colcon_pkg'
[0.806s] Level 1:colcon.colcon_core.package_identification:_identify(src) by extensions ['colcon_meta']
[0.806s] Level 1:colcon.colcon_core.package_identification:_identify(src) by extension 'colcon_meta'
[0.806s] Level 1:colcon.colcon_core.package_identification:_identify(src) by extensions ['ros']
[0.806s] Level 1:colcon.colcon_core.package_identification:_identify(src) by extension 'ros'
[0.807s] Level 1:colcon.colcon_core.package_identification:_identify(src) by extensions ['cmake', 'python']
[0.807s] Level 1:colcon.colcon_core.package_identification:_identify(src) by extension 'cmake'
[0.807s] Level 1:colcon.colcon_core.package_identification:_identify(src) by extension 'python'
[0.807s] Level 1:colcon.colcon_core.package_identification:_identify(src) by extensions ['python_setup_py']
[0.807s] Level 1:colcon.colcon_core.package_identification:_identify(src) by extension 'python_setup_py'
[0.807s] Level 1:colcon.colcon_core.package_identification:_identify(src/el2425) by extensions ['ignore', 'ignore_ament_install']
[0.807s] Level 1:colcon.colcon_core.package_identification:_identify(src/el2425) by extension 'ignore'
[0.807s] Level 1:colcon.colcon_core.package_identification:_identify(src/el2425) by extension 'ignore_ament_install'
[0.808s] Level 1:colcon.colcon_core.package_identification:_identify(src/el2425) by extensions ['colcon_pkg']
[0.808s] Level 1:colcon.colcon_core.package_identification:_identify(src/el2425) by extension 'colcon_pkg'
[0.808s] Level 1:colcon.colcon_core.package_identification:_identify(src/el2425) by extensions ['colcon_meta']
[0.808s] Level 1:colcon.colcon_core.package_identification:_identify(src/el2425) by extension 'colcon_meta'
[0.808s] Level 1:colcon.colcon_core.package_identification:_identify(src/el2425) by extensions ['ros']
[0.808s] Level 1:colcon.colcon_core.package_identification:_identify(src/el2425) by extension 'ros'
[0.815s] DEBUG:colcon.colcon_core.package_identification:Package 'src/el2425' with type 'ros.ament_python' and name 'el2425'
[0.815s] Level 1:colcon.colcon_core.package_identification:_identify(src/mocap4ros2_qualisys) by extensions ['ignore', 'ignore_ament_install']
[0.816s] Level 1:colcon.colcon_core.package_identification:_identify(src/mocap4ros2_qualisys) by extension 'ignore'
[0.816s] Level 1:colcon.colcon_core.package_identification:_identify(src/mocap4ros2_qualisys) by extension 'ignore_ament_install'
[0.816s] Level 1:colcon.colcon_core.package_identification:_identify(src/mocap4ros2_qualisys) by extensions ['colcon_pkg']
[0.816s] Level 1:colcon.colcon_core.package_identification:_identify(src/mocap4ros2_qualisys) by extension 'colcon_pkg'
[0.816s] Level 1:colcon.colcon_core.package_identification:_identify(src/mocap4ros2_qualisys) by extensions ['colcon_meta']
[0.816s] Level 1:colcon.colcon_core.package_identification:_identify(src/mocap4ros2_qualisys) by extension 'colcon_meta'
[0.816s] Level 1:colcon.colcon_core.package_identification:_identify(src/mocap4ros2_qualisys) by extensions ['ros']
[0.817s] Level 1:colcon.colcon_core.package_identification:_identify(src/mocap4ros2_qualisys) by extension 'ros'
[0.817s] Level 1:colcon.colcon_core.package_identification:_identify(src/mocap4ros2_qualisys) by extensions ['cmake', 'python']
[0.817s] Level 1:colcon.colcon_core.package_identification:_identify(src/mocap4ros2_qualisys) by extension 'cmake'
[0.817s] Level 1:colcon.colcon_core.package_identification:_identify(src/mocap4ros2_qualisys) by extension 'python'
[0.817s] Level 1:colcon.colcon_core.package_identification:_identify(src/mocap4ros2_qualisys) by extensions ['python_setup_py']
[0.817s] Level 1:colcon.colcon_core.package_identification:_identify(src/mocap4ros2_qualisys) by extension 'python_setup_py'
[0.817s] Level 1:colcon.colcon_core.package_identification:_identify(src/mocap4ros2_qualisys/qualisys_driver) by extensions ['ignore', 'ignore_ament_install']
[0.818s] Level 1:colcon.colcon_core.package_identification:_identify(src/mocap4ros2_qualisys/qualisys_driver) by extension 'ignore'
[0.818s] Level 1:colcon.colcon_core.package_identification:_identify(src/mocap4ros2_qualisys/qualisys_driver) by extension 'ignore_ament_install'
[0.818s] Level 1:colcon.colcon_core.package_identification:_identify(src/mocap4ros2_qualisys/qualisys_driver) by extensions ['colcon_pkg']
[0.818s] Level 1:colcon.colcon_core.package_identification:_identify(src/mocap4ros2_qualisys/qualisys_driver) by extension 'colcon_pkg'
[0.818s] Level 1:colcon.colcon_core.package_identification:_identify(src/mocap4ros2_qualisys/qualisys_driver) by extensions ['colcon_meta']
[0.818s] Level 1:colcon.colcon_core.package_identification:_identify(src/mocap4ros2_qualisys/qualisys_driver) by extension 'colcon_meta'
[0.818s] Level 1:colcon.colcon_core.package_identification:_identify(src/mocap4ros2_qualisys/qualisys_driver) by extensions ['ros']
[0.818s] Level 1:colcon.colcon_core.package_identification:_identify(src/mocap4ros2_qualisys/qualisys_driver) by extension 'ros'
[0.821s] DEBUG:colcon.colcon_core.package_identification:Package 'src/mocap4ros2_qualisys/qualisys_driver' with type 'ros.ament_cmake' and name 'qualisys_driver'
[0.821s] Level 1:colcon.colcon_core.package_identification:_identify(src/motion_capture_system) by extensions ['ignore', 'ignore_ament_install']
[0.822s] Level 1:colcon.colcon_core.package_identification:_identify(src/motion_capture_system) by extension 'ignore'
[0.822s] Level 1:colcon.colcon_core.package_identification:_identify(src/motion_capture_system) by extension 'ignore_ament_install'
[0.822s] Level 1:colcon.colcon_core.package_identification:_identify(src/motion_capture_system) by extensions ['colcon_pkg']
[0.822s] Level 1:colcon.colcon_core.package_identification:_identify(src/motion_capture_system) by extension 'colcon_pkg'
[0.822s] Level 1:colcon.colcon_core.package_identification:_identify(src/motion_capture_system) by extensions ['colcon_meta']
[0.822s] Level 1:colcon.colcon_core.package_identification:_identify(src/motion_capture_system) by extension 'colcon_meta'
[0.822s] Level 1:colcon.colcon_core.package_identification:_identify(src/motion_capture_system) by extensions ['ros']
[0.823s] Level 1:colcon.colcon_core.package_identification:_identify(src/motion_capture_system) by extension 'ros'
[0.823s] Level 1:colcon.colcon_core.package_identification:_identify(src/motion_capture_system) by extensions ['cmake', 'python']
[0.823s] Level 1:colcon.colcon_core.package_identification:_identify(src/motion_capture_system) by extension 'cmake'
[0.823s] Level 1:colcon.colcon_core.package_identification:_identify(src/motion_capture_system) by extension 'python'
[0.823s] Level 1:colcon.colcon_core.package_identification:_identify(src/motion_capture_system) by extensions ['python_setup_py']
[0.823s] Level 1:colcon.colcon_core.package_identification:_identify(src/motion_capture_system) by extension 'python_setup_py'
[0.823s] Level 1:colcon.colcon_core.package_identification:_identify(src/motion_capture_system/mocap_base) by extensions ['ignore', 'ignore_ament_install']
[0.824s] Level 1:colcon.colcon_core.package_identification:_identify(src/motion_capture_system/mocap_base) by extension 'ignore'
[0.824s] Level 1:colcon.colcon_core.package_identification:_identify(src/motion_capture_system/mocap_base) by extension 'ignore_ament_install'
[0.824s] Level 1:colcon.colcon_core.package_identification:_identify(src/motion_capture_system/mocap_base) by extensions ['colcon_pkg']
[0.824s] Level 1:colcon.colcon_core.package_identification:_identify(src/motion_capture_system/mocap_base) by extension 'colcon_pkg'
[0.824s] Level 1:colcon.colcon_core.package_identification:_identify(src/motion_capture_system/mocap_base) by extensions ['colcon_meta']
[0.824s] Level 1:colcon.colcon_core.package_identification:_identify(src/motion_capture_system/mocap_base) by extension 'colcon_meta'
[0.825s] Level 1:colcon.colcon_core.package_identification:_identify(src/motion_capture_system/mocap_base) by extensions ['ros']
[0.825s] Level 1:colcon.colcon_core.package_identification:_identify(src/motion_capture_system/mocap_base) by extension 'ros'
[0.826s] DEBUG:colcon.colcon_core.package_identification:Package 'src/motion_capture_system/mocap_base' with type 'ros.ament_cmake' and name 'mocap_base'
[0.827s] Level 1:colcon.colcon_core.package_identification:_identify(src/motion_capture_system/mocap_qualisys) by extensions ['ignore', 'ignore_ament_install']
[0.827s] Level 1:colcon.colcon_core.package_identification:_identify(src/motion_capture_system/mocap_qualisys) by extension 'ignore'
[0.827s] Level 1:colcon.colcon_core.package_identification:_identify(src/motion_capture_system/mocap_qualisys) by extension 'ignore_ament_install'
[0.827s] Level 1:colcon.colcon_core.package_identification:_identify(src/motion_capture_system/mocap_qualisys) by extensions ['colcon_pkg']
[0.827s] Level 1:colcon.colcon_core.package_identification:_identify(src/motion_capture_system/mocap_qualisys) by extension 'colcon_pkg'
[0.828s] Level 1:colcon.colcon_core.package_identification:_identify(src/motion_capture_system/mocap_qualisys) by extensions ['colcon_meta']
[0.828s] Level 1:colcon.colcon_core.package_identification:_identify(src/motion_capture_system/mocap_qualisys) by extension 'colcon_meta'
[0.828s] Level 1:colcon.colcon_core.package_identification:_identify(src/motion_capture_system/mocap_qualisys) by extensions ['ros']
[0.828s] Level 1:colcon.colcon_core.package_identification:_identify(src/motion_capture_system/mocap_qualisys) by extension 'ros'
[0.830s] DEBUG:colcon.colcon_core.package_identification:Package 'src/motion_capture_system/mocap_qualisys' with type 'ros.ament_cmake' and name 'mocap_qualisys'
[0.830s] Level 1:colcon.colcon_core.package_identification:_identify(src/robot_localization) by extensions ['ignore', 'ignore_ament_install']
[0.830s] Level 1:colcon.colcon_core.package_identification:_identify(src/robot_localization) by extension 'ignore'
[0.830s] Level 1:colcon.colcon_core.package_identification:_identify(src/robot_localization) by extension 'ignore_ament_install'
[0.830s] Level 1:colcon.colcon_core.package_identification:_identify(src/robot_localization) by extensions ['colcon_pkg']
[0.831s] Level 1:colcon.colcon_core.package_identification:_identify(src/robot_localization) by extension 'colcon_pkg'
[0.831s] Level 1:colcon.colcon_core.package_identification:_identify(src/robot_localization) by extensions ['colcon_meta']
[0.831s] Level 1:colcon.colcon_core.package_identification:_identify(src/robot_localization) by extension 'colcon_meta'
[0.831s] Level 1:colcon.colcon_core.package_identification:_identify(src/robot_localization) by extensions ['ros']
[0.831s] Level 1:colcon.colcon_core.package_identification:_identify(src/robot_localization) by extension 'ros'
[0.836s] DEBUG:colcon.colcon_core.package_identification:Package 'src/robot_localization' with type 'ros.ament_cmake' and name 'robot_localization'
[0.836s] Level 1:colcon.colcon_core.package_identification:_identify(src/svea_charging) by extensions ['ignore', 'ignore_ament_install']
[0.837s] Level 1:colcon.colcon_core.package_identification:_identify(src/svea_charging) by extension 'ignore'
[0.837s] Level 1:colcon.colcon_core.package_identification:_identify(src/svea_charging) by extension 'ignore_ament_install'
[0.837s] Level 1:colcon.colcon_core.package_identification:_identify(src/svea_charging) by extensions ['colcon_pkg']
[0.837s] Level 1:colcon.colcon_core.package_identification:_identify(src/svea_charging) by extension 'colcon_pkg'
[0.837s] Level 1:colcon.colcon_core.package_identification:_identify(src/svea_charging) by extensions ['colcon_meta']
[0.837s] Level 1:colcon.colcon_core.package_identification:_identify(src/svea_charging) by extension 'colcon_meta'
[0.838s] Level 1:colcon.colcon_core.package_identification:_identify(src/svea_charging) by extensions ['ros']
[0.838s] Level 1:colcon.colcon_core.package_identification:_identify(src/svea_charging) by extension 'ros'
[0.840s] DEBUG:colcon.colcon_core.package_identification:Package 'src/svea_charging' with type 'ros.ament_python' and name 'svea_charging'
[0.840s] Level 1:colcon.colcon_core.package_identification:_identify(src/svea_core) by extensions ['ignore', 'ignore_ament_install']
[0.840s] Level 1:colcon.colcon_core.package_identification:_identify(src/svea_core) by extension 'ignore'
[0.841s] Level 1:colcon.colcon_core.package_identification:_identify(src/svea_core) by extension 'ignore_ament_install'
[0.841s] Level 1:colcon.colcon_core.package_identification:_identify(src/svea_core) by extensions ['colcon_pkg']
[0.841s] Level 1:colcon.colcon_core.package_identification:_identify(src/svea_core) by extension 'colcon_pkg'
[0.841s] Level 1:colcon.colcon_core.package_identification:_identify(src/svea_core) by extensions ['colcon_meta']
[0.841s] Level 1:colcon.colcon_core.package_identification:_identify(src/svea_core) by extension 'colcon_meta'
[0.841s] Level 1:colcon.colcon_core.package_identification:_identify(src/svea_core) by extensions ['ros']
[0.841s] Level 1:colcon.colcon_core.package_identification:_identify(src/svea_core) by extension 'ros'
[0.844s] DEBUG:colcon.colcon_core.package_identification:Package 'src/svea_core' with type 'ros.ament_python' and name 'svea_core'
[0.844s] Level 1:colcon.colcon_core.package_identification:_identify(src/svea_examples) by extensions ['ignore', 'ignore_ament_install']
[0.845s] Level 1:colcon.colcon_core.package_identification:_identify(src/svea_examples) by extension 'ignore'
[0.845s] Level 1:colcon.colcon_core.package_identification:_identify(src/svea_examples) by extension 'ignore_ament_install'
[0.845s] Level 1:colcon.colcon_core.package_identification:_identify(src/svea_examples) by extensions ['colcon_pkg']
[0.845s] Level 1:colcon.colcon_core.package_identification:_identify(src/svea_examples) by extension 'colcon_pkg'
[0.845s] Level 1:colcon.colcon_core.package_identification:_identify(src/svea_examples) by extensions ['colcon_meta']
[0.845s] Level 1:colcon.colcon_core.package_identification:_identify(src/svea_examples) by extension 'colcon_meta'
[0.845s] Level 1:colcon.colcon_core.package_identification:_identify(src/svea_examples) by extensions ['ros']
[0.846s] Level 1:colcon.colcon_core.package_identification:_identify(src/svea_examples) by extension 'ros'
[0.847s] DEBUG:colcon.colcon_core.package_identification:Package 'src/svea_examples' with type 'ros.ament_python' and name 'svea_examples'
[0.848s] Level 1:colcon.colcon_core.package_identification:_identify(src/svea_localization) by extensions ['ignore', 'ignore_ament_install']
[0.848s] Level 1:colcon.colcon_core.package_identification:_identify(src/svea_localization) by extension 'ignore'
[0.848s] Level 1:colcon.colcon_core.package_identification:_identify(src/svea_localization) by extension 'ignore_ament_install'
[0.848s] Level 1:colcon.colcon_core.package_identification:_identify(src/svea_localization) by extensions ['colcon_pkg']
[0.848s] Level 1:colcon.colcon_core.package_identification:_identify(src/svea_localization) by extension 'colcon_pkg'
[0.848s] Level 1:colcon.colcon_core.package_identification:_identify(src/svea_localization) by extensions ['colcon_meta']
[0.848s] Level 1:colcon.colcon_core.package_identification:_identify(src/svea_localization) by extension 'colcon_meta'
[0.849s] Level 1:colcon.colcon_core.package_identification:_identify(src/svea_localization) by extensions ['ros']
[0.849s] Level 1:colcon.colcon_core.package_identification:_identify(src/svea_localization) by extension 'ros'
[0.851s] DEBUG:colcon.colcon_core.package_identification:Package 'src/svea_localization' with type 'ros.ament_python' and name 'svea_localization'
[0.852s] Level 1:colcon.colcon_core.package_identification:_identify(src/svea_mocap) by extensions ['ignore', 'ignore_ament_install']
[0.852s] Level 1:colcon.colcon_core.package_identification:_identify(src/svea_mocap) by extension 'ignore'
[0.852s] Level 1:colcon.colcon_core.package_identification:_identify(src/svea_mocap) by extension 'ignore_ament_install'
[0.852s] Level 1:colcon.colcon_core.package_identification:_identify(src/svea_mocap) by extensions ['colcon_pkg']
[0.852s] Level 1:colcon.colcon_core.package_identification:_identify(src/svea_mocap) by extension 'colcon_pkg'
[0.853s] Level 1:colcon.colcon_core.package_identification:_identify(src/svea_mocap) by extensions ['colcon_meta']
[0.853s] Level 1:colcon.colcon_core.package_identification:_identify(src/svea_mocap) by extension 'colcon_meta'
[0.853s] Level 1:colcon.colcon_core.package_identification:_identify(src/svea_mocap) by extensions ['ros']
[0.853s] Level 1:colcon.colcon_core.package_identification:_identify(src/svea_mocap) by extension 'ros'
[0.855s] DEBUG:colcon.colcon_core.package_identification:Package 'src/svea_mocap' with type 'ros.ament_python' and name 'svea_mocap'
[0.855s] Level 1:colcon.colcon_core.package_identification:_identify(src/usb_cam) by extensions ['ignore', 'ignore_ament_install']
[0.856s] Level 1:colcon.colcon_core.package_identification:_identify(src/usb_cam) by extension 'ignore'
[0.856s] Level 1:colcon.colcon_core.package_identification:_identify(src/usb_cam) by extension 'ignore_ament_install'
[0.856s] Level 1:colcon.colcon_core.package_identification:_identify(src/usb_cam) by extensions ['colcon_pkg']
[0.856s] Level 1:colcon.colcon_core.package_identification:_identify(src/usb_cam) by extension 'colcon_pkg'
[0.856s] Level 1:colcon.colcon_core.package_identification:_identify(src/usb_cam) by extensions ['colcon_meta']
[0.856s] Level 1:colcon.colcon_core.package_identification:_identify(src/usb_cam) by extension 'colcon_meta'
[0.856s] Level 1:colcon.colcon_core.package_identification:_identify(src/usb_cam) by extensions ['ros']
[0.856s] Level 1:colcon.colcon_core.package_identification:_identify(src/usb_cam) by extension 'ros'
[0.860s] DEBUG:colcon.colcon_core.package_identification:Package 'src/usb_cam' with type 'ros.ament_cmake' and name 'usb_cam'
[0.860s] Level 1:colcon.colcon_core.package_identification:_identify(util) by extensions ['ignore', 'ignore_ament_install']
[0.860s] Level 1:colcon.colcon_core.package_identification:_identify(util) by extension 'ignore'
[0.860s] Level 1:colcon.colcon_core.package_identification:_identify(util) by extension 'ignore_ament_install'
[0.861s] Level 1:colcon.colcon_core.package_identification:_identify(util) by extensions ['colcon_pkg']
[0.861s] Level 1:colcon.colcon_core.package_identification:_identify(util) by extension 'colcon_pkg'
[0.861s] Level 1:colcon.colcon_core.package_identification:_identify(util) by extensions ['colcon_meta']
[0.861s] Level 1:colcon.colcon_core.package_identification:_identify(util) by extension 'colcon_meta'
[0.861s] Level 1:colcon.colcon_core.package_identification:_identify(util) by extensions ['ros']
[0.861s] Level 1:colcon.colcon_core.package_identification:_identify(util) by extension 'ros'
[0.861s] Level 1:colcon.colcon_core.package_identification:_identify(util) by extensions ['cmake', 'python']
[0.861s] Level 1:colcon.colcon_core.package_identification:_identify(util) by extension 'cmake'
[0.862s] Level 1:colcon.colcon_core.package_identification:_identify(util) by extension 'python'
[0.862s] Level 1:colcon.colcon_core.package_identification:_identify(util) by extensions ['python_setup_py']
[0.862s] Level 1:colcon.colcon_core.package_identification:_identify(util) by extension 'python_setup_py'
[0.862s] Level 1:colcon.colcon_core.package_discovery:discover_packages(recursive) using defaults
[0.862s] Level 1:colcon.colcon_core.package_discovery:discover_packages(ignore) discover
[0.862s] Level 1:colcon.colcon_core.package_discovery:discover_packages(ignore) using defaults
[0.862s] Level 1:colcon.colcon_core.package_discovery:discover_packages(path) discover
[0.862s] Level 1:colcon.colcon_core.package_discovery:discover_packages(path) using defaults
[0.964s] INFO:colcon.colcon_core.package_selection:Skipping not selected package 'mocap_base' in 'src/motion_capture_system/mocap_base'
[0.964s] INFO:colcon.colcon_core.package_selection:Skipping not selected package 'robot_localization' in 'src/robot_localization'
[0.964s] INFO:colcon.colcon_core.package_selection:Skipping not selected package 'usb_cam' in 'src/usb_cam'
[0.964s] INFO:colcon.colcon_core.package_selection:Skipping not selected package 'mocap_qualisys' in 'src/motion_capture_system/mocap_qualisys'
[0.964s] INFO:colcon.colcon_core.package_selection:Skipping not selected package 'svea_localization' in 'src/svea_localization'
[0.964s] INFO:colcon.colcon_core.package_selection:Skipping not selected package 'svea_core' in 'src/svea_core'
[0.964s] INFO:colcon.colcon_core.package_selection:Skipping not selected package 'el2425' in 'src/el2425'
[0.964s] INFO:colcon.colcon_core.package_selection:Skipping not selected package 'svea_charging' in 'src/svea_charging'
[0.965s] INFO:colcon.colcon_core.package_selection:Skipping not selected package 'svea_examples' in 'src/svea_examples'
[0.965s] INFO:colcon.colcon_core.package_selection:Skipping not selected package 'svea_mocap' in 'src/svea_mocap'
[0.966s] Level 1:colcon.colcon_core.package_discovery:discover_packages(prefix_path) check parameters
[0.966s] Level 1:colcon.colcon_core.package_discovery:discover_packages(prefix_path) discover
[0.973s] DEBUG:colcon.colcon_installed_package_information.package_discovery:Found 295 installed packages in /opt/ros/humble
[0.976s] Level 1:colcon.colcon_core.package_discovery:discover_packages(prefix_path) using defaults
[1.072s] Level 5:colcon.colcon_core.verb:set package 'qualisys_driver' build argument 'cmake_args' from command line to 'None'
[1.072s] Level 5:colcon.colcon_core.verb:set package 'qualisys_driver' build argument 'cmake_target' from command line to 'None'
[1.072s] Level 5:colcon.colcon_core.verb:set package 'qualisys_driver' build argument 'cmake_target_skip_unavailable' from command line to 'False'
[1.072s] Level 5:colcon.colcon_core.verb:set package 'qualisys_driver' build argument 'cmake_clean_cache' from command line to 'False'
[1.072s] Level 5:colcon.colcon_core.verb:set package 'qualisys_driver' build argument 'cmake_clean_first' from command line to 'False'
[1.072s] Level 5:colcon.colcon_core.verb:set package 'qualisys_driver' build argument 'cmake_force_configure' from command line to 'False'
[1.072s] Level 5:colcon.colcon_core.verb:set package 'qualisys_driver' build argument 'ament_cmake_args' from command line to 'None'
[1.072s] Level 5:colcon.colcon_core.verb:set package 'qualisys_driver' build argument 'catkin_cmake_args' from command line to 'None'
[1.072s] Level 5:colcon.colcon_core.verb:set package 'qualisys_driver' build argument 'catkin_skip_building_tests' from command line to 'False'
[1.073s] DEBUG:colcon.colcon_core.verb:Building package 'qualisys_driver' with the following arguments: {'ament_cmake_args': None, 'build_base': '/home/user/Projects/svea_charging/build/qualisys_driver', 'catkin_cmake_args': None, 'catkin_skip_building_tests': False, 'cmake_args': None, 'cmake_clean_cache': False, 'cmake_clean_first': False, 'cmake_force_configure': False, 'cmake_target': None, 'cmake_target_skip_unavailable': False, 'install_base': '/home/user/Projects/svea_charging/install/qualisys_driver', 'merge_install': False, 'path': '/home/user/Projects/svea_charging/src/mocap4ros2_qualisys/qualisys_driver', 'symlink_install': True, 'test_result_base': None}
[1.073s] INFO:colcon.colcon_core.executor:Executing jobs using 'parallel' executor
[1.075s] DEBUG:colcon.colcon_parallel_executor.executor.parallel:run_until_complete
[1.076s] INFO:colcon.colcon_ros.task.ament_cmake.build:Building ROS package in '/home/user/Projects/svea_charging/src/mocap4ros2_qualisys/qualisys_driver' with build type 'ament_cmake'
[1.076s] INFO:colcon.colcon_cmake.task.cmake.build:Building CMake package in '/home/user/Projects/svea_charging/src/mocap4ros2_qualisys/qualisys_driver'
[1.082s] INFO:colcon.colcon_core.plugin_system:Skipping extension 'colcon_core.shell.bat': Not used on non-Windows systems
[1.083s] INFO:colcon.colcon_core.shell:Skip shell extension 'powershell' for command environment: Not usable outside of PowerShell
[1.083s] DEBUG:colcon.colcon_core.shell:Skip shell extension 'dsv' for command environment
[1.102s] DEBUG:colcon.colcon_core.event_handler.log_command:Invoking command in '/home/user/Projects/svea_charging/build/qualisys_driver': CMAKE_PREFIX_PATH=/opt/ros/humble /usr/bin/cmake /home/user/Projects/svea_charging/src/mocap4ros2_qualisys/qualisys_driver -DAMENT_CMAKE_SYMLINK_INSTALL=1 -DCMAKE_INSTALL_PREFIX=/home/user/Projects/svea_charging/install/qualisys_driver
[14.962s] DEBUG:colcon.colcon_core.event_handler.log_command:Invoked command in '/home/user/Projects/svea_charging/build/qualisys_driver' returned '0': CMAKE_PREFIX_PATH=/opt/ros/humble /usr/bin/cmake /home/user/Projects/svea_charging/src/mocap4ros2_qualisys/qualisys_driver -DAMENT_CMAKE_SYMLINK_INSTALL=1 -DCMAKE_INSTALL_PREFIX=/home/user/Projects/svea_charging/install/qualisys_driver
[14.963s] DEBUG:colcon.colcon_core.event_handler.log_command:Invoking command in '/home/user/Projects/svea_charging/build/qualisys_driver': CMAKE_PREFIX_PATH=/opt/ros/humble /usr/bin/cmake --build /home/user/Projects/svea_charging/build/qualisys_driver -- -j4 -l4
[53.621s] DEBUG:colcon.colcon_core.event_handler.log_command:Invoked command in '/home/user/Projects/svea_charging/build/qualisys_driver' returned '0': CMAKE_PREFIX_PATH=/opt/ros/humble /usr/bin/cmake --build /home/user/Projects/svea_charging/build/qualisys_driver -- -j4 -l4
[53.656s] DEBUG:colcon.colcon_core.event_handler.log_command:Invoking command in '/home/user/Projects/svea_charging/build/qualisys_driver': CMAKE_PREFIX_PATH=/opt/ros/humble /usr/bin/cmake --install /home/user/Projects/svea_charging/build/qualisys_driver
[54.362s] Level 1:colcon.colcon_core.environment:create_environment_scripts_only(qualisys_driver)
[54.369s] DEBUG:colcon.colcon_core.event_handler.log_command:Invoked command in '/home/user/Projects/svea_charging/build/qualisys_driver' returned '0': CMAKE_PREFIX_PATH=/opt/ros/humble /usr/bin/cmake --install /home/user/Projects/svea_charging/build/qualisys_driver
[54.376s] Level 1:colcon.colcon_core.environment:checking '/home/user/Projects/svea_charging/install/qualisys_driver' for CMake module files
[54.377s] Level 1:colcon.colcon_core.environment:checking '/home/user/Projects/svea_charging/install/qualisys_driver' for CMake config files
[54.385s] Level 1:colcon.colcon_core.shell:create_environment_hook('qualisys_driver', 'cmake_prefix_path')
[54.390s] INFO:colcon.colcon_core.shell:Creating environment hook '/home/user/Projects/svea_charging/install/qualisys_driver/share/qualisys_driver/hook/cmake_prefix_path.ps1'
[54.431s] INFO:colcon.colcon_core.shell:Creating environment descriptor '/home/user/Projects/svea_charging/install/qualisys_driver/share/qualisys_driver/hook/cmake_prefix_path.dsv'
[54.433s] INFO:colcon.colcon_core.shell:Creating environment hook '/home/user/Projects/svea_charging/install/qualisys_driver/share/qualisys_driver/hook/cmake_prefix_path.sh'
[54.437s] Level 1:colcon.colcon_core.environment:checking '/home/user/Projects/svea_charging/install/qualisys_driver/lib'
[54.440s] Level 1:colcon.colcon_core.environment:checking '/home/user/Projects/svea_charging/install/qualisys_driver/bin'
[54.441s] Level 1:colcon.colcon_core.environment:checking '/home/user/Projects/svea_charging/install/qualisys_driver/lib/pkgconfig/qualisys_driver.pc'
[54.442s] Level 1:colcon.colcon_core.environment:checking '/home/user/Projects/svea_charging/install/qualisys_driver/lib/python3.10/site-packages'
[54.443s] Level 1:colcon.colcon_core.environment:checking '/home/user/Projects/svea_charging/install/qualisys_driver/bin'
[54.444s] INFO:colcon.colcon_core.shell:Creating package script '/home/user/Projects/svea_charging/install/qualisys_driver/share/qualisys_driver/package.ps1'
[54.450s] INFO:colcon.colcon_core.shell:Creating package descriptor '/home/user/Projects/svea_charging/install/qualisys_driver/share/qualisys_driver/package.dsv'
[54.462s] INFO:colcon.colcon_core.shell:Creating package script '/home/user/Projects/svea_charging/install/qualisys_driver/share/qualisys_driver/package.sh'
[54.465s] INFO:colcon.colcon_core.shell:Creating package script '/home/user/Projects/svea_charging/install/qualisys_driver/share/qualisys_driver/package.bash'
[54.475s] INFO:colcon.colcon_core.shell:Creating package script '/home/user/Projects/svea_charging/install/qualisys_driver/share/qualisys_driver/package.zsh'
[54.479s] Level 1:colcon.colcon_core.environment:create_file_with_runtime_dependencies(/home/user/Projects/svea_charging/install/qualisys_driver/share/colcon-core/packages/qualisys_driver)
[54.481s] Level 1:colcon.colcon_core.environment:create_environment_scripts_only(qualisys_driver)
[54.485s] Level 1:colcon.colcon_core.environment:checking '/home/user/Projects/svea_charging/install/qualisys_driver' for CMake module files
[54.488s] Level 1:colcon.colcon_core.environment:checking '/home/user/Projects/svea_charging/install/qualisys_driver' for CMake config files
[54.490s] Level 1:colcon.colcon_core.shell:create_environment_hook('qualisys_driver', 'cmake_prefix_path')
[54.491s] INFO:colcon.colcon_core.shell:Creating environment hook '/home/user/Projects/svea_charging/install/qualisys_driver/share/qualisys_driver/hook/cmake_prefix_path.ps1'
[54.494s] INFO:colcon.colcon_core.shell:Creating environment descriptor '/home/user/Projects/svea_charging/install/qualisys_driver/share/qualisys_driver/hook/cmake_prefix_path.dsv'
[54.496s] INFO:colcon.colcon_core.shell:Creating environment hook '/home/user/Projects/svea_charging/install/qualisys_driver/share/qualisys_driver/hook/cmake_prefix_path.sh'
[54.499s] Level 1:colcon.colcon_core.environment:checking '/home/user/Projects/svea_charging/install/qualisys_driver/lib'
[54.500s] Level 1:colcon.colcon_core.environment:checking '/home/user/Projects/svea_charging/install/qualisys_driver/bin'
[54.500s] Level 1:colcon.colcon_core.environment:checking '/home/user/Projects/svea_charging/install/qualisys_driver/lib/pkgconfig/qualisys_driver.pc'
[54.501s] Level 1:colcon.colcon_core.environment:checking '/home/user/Projects/svea_charging/install/qualisys_driver/lib/python3.10/site-packages'
[54.502s] Level 1:colcon.colcon_core.environment:checking '/home/user/Projects/svea_charging/install/qualisys_driver/bin'
[54.504s] INFO:colcon.colcon_core.shell:Creating package script '/home/user/Projects/svea_charging/install/qualisys_driver/share/qualisys_driver/package.ps1'
[54.510s] INFO:colcon.colcon_core.shell:Creating package descriptor '/home/user/Projects/svea_charging/install/qualisys_driver/share/qualisys_driver/package.dsv'
[54.513s] INFO:colcon.colcon_core.shell:Creating package script '/home/user/Projects/svea_charging/install/qualisys_driver/share/qualisys_driver/package.sh'
[54.516s] INFO:colcon.colcon_core.shell:Creating package script '/home/user/Projects/svea_charging/install/qualisys_driver/share/qualisys_driver/package.bash'
[54.519s] INFO:colcon.colcon_core.shell:Creating package script '/home/user/Projects/svea_charging/install/qualisys_driver/share/qualisys_driver/package.zsh'
[54.523s] Level 1:colcon.colcon_core.environment:create_file_with_runtime_dependencies(/home/user/Projects/svea_charging/install/qualisys_driver/share/colcon-core/packages/qualisys_driver)
[54.527s] DEBUG:colcon.colcon_parallel_executor.executor.parallel:closing loop
[54.527s] DEBUG:colcon.colcon_parallel_executor.executor.parallel:loop closed
[54.528s] DEBUG:colcon.colcon_parallel_executor.executor.parallel:run_until_complete finished with '0'
[54.531s] DEBUG:colcon.colcon_core.event_reactor:joining thread
[54.546s] INFO:colcon.colcon_core.plugin_system:Skipping extension 'colcon_notification.desktop_notification.terminal_notifier': Not used on non-Darwin systems
[54.548s] INFO:colcon.colcon_core.plugin_system:Skipping extension 'colcon_notification.desktop_notification.win32': Not used on non-Windows systems
[54.548s] INFO:colcon.colcon_notification.desktop_notification:Sending desktop notification using 'notify2'
[54.628s] DEBUG:colcon.colcon_core.event_reactor:joined thread
[54.629s] INFO:colcon.colcon_core.shell:Creating prefix script '/home/user/Projects/svea_charging/install/local_setup.ps1'
[54.632s] INFO:colcon.colcon_core.shell:Creating prefix util module '/home/user/Projects/svea_charging/install/_local_setup_util_ps1.py'
[54.638s] INFO:colcon.colcon_core.shell:Creating prefix chain script '/home/user/Projects/svea_charging/install/setup.ps1'
[54.650s] INFO:colcon.colcon_core.shell:Creating prefix script '/home/user/Projects/svea_charging/install/local_setup.sh'
[54.654s] INFO:colcon.colcon_core.shell:Creating prefix util module '/home/user/Projects/svea_charging/install/_local_setup_util_sh.py'
[54.662s] INFO:colcon.colcon_core.shell:Creating prefix chain script '/home/user/Projects/svea_charging/install/setup.sh'
[54.669s] INFO:colcon.colcon_core.shell:Creating prefix script '/home/user/Projects/svea_charging/install/local_setup.bash'
[54.677s] INFO:colcon.colcon_core.shell:Creating prefix chain script '/home/user/Projects/svea_charging/install/setup.bash'
[54.682s] INFO:colcon.colcon_core.shell:Creating prefix script '/home/user/Projects/svea_charging/install/local_setup.zsh'
[54.686s] INFO:colcon.colcon_core.shell:Creating prefix chain script '/home/user/Projects/svea_charging/install/setup.zsh'
