-- The C compiler identification is GNU 11.4.0
-- The CXX compiler identification is GNU 11.4.0
-- Detecting C compiler ABI info
-- Detecting C compiler ABI info - done
-- Check for working C compiler: /usr/bin/cc - skipped
-- Detecting C compile features
-- Detecting C compile features - done
-- Detecting CXX compiler ABI info
-- Detecting CXX compiler ABI info - done
-- Check for working CXX compiler: /usr/bin/c++ - skipped
-- Detecting CXX compile features
-- Detecting CXX compile features - done
-- Found ament_cmake: 1.3.12 (/opt/ros/humble/share/ament_cmake/cmake)
-- Found Python3: /usr/bin/python3 (found version "3.10.12") found components: Interpreter 
-- Override CMake install command with custom implementation using symlinks instead of copying resources
-- Found rclcpp: 16.0.14 (/opt/ros/humble/share/rclcpp/cmake)
-- Found rosidl_generator_c: 3.1.7 (/opt/ros/humble/share/rosidl_generator_c/cmake)
-- Found rosidl_adapter: 3.1.7 (/opt/ros/humble/share/rosidl_adapter/cmake)
-- Found rosidl_generator_cpp: 3.1.7 (/opt/ros/humble/share/rosidl_generator_cpp/cmake)
-- Using all available rosidl_typesupport_c: rosidl_typesupport_fastrtps_c;rosidl_typesupport_introspection_c
-- Using all available rosidl_typesupport_cpp: rosidl_typesupport_fastrtps_cpp;rosidl_typesupport_introspection_cpp
-- Found rmw_implementation_cmake: 6.1.2 (/opt/ros/humble/share/rmw_implementation_cmake/cmake)
-- Found rmw_fastrtps_cpp: 6.2.8 (/opt/ros/humble/share/rmw_fastrtps_cpp/cmake)
-- Found OpenSSL: /usr/lib/aarch64-linux-gnu/libcrypto.so (found version "3.0.2")  
-- Found FastRTPS: /opt/ros/humble/include  
-- Using RMW implementation 'rmw_fastrtps_cpp' as default
-- Looking for pthread.h
-- Looking for pthread.h - found
-- Performing Test CMAKE_HAVE_LIBC_PTHREAD
-- Performing Test CMAKE_HAVE_LIBC_PTHREAD - Success
-- Found Threads: TRUE  
-- Found rclcpp_lifecycle: 16.0.14 (/opt/ros/humble/share/rclcpp_lifecycle/cmake)
-- Found tf2: 0.25.16 (/opt/ros/humble/share/tf2/cmake)
-- Found tf2_ros: 0.25.16 (/opt/ros/humble/share/tf2_ros/cmake)
-- Found mocap4r2_msgs: 0.0.6 (/opt/ros/humble/share/mocap4r2_msgs/cmake)
-- qualisys_driver: `qualisys_cpp_sdk` targets not found. Attempting to fetch contents...
[ 11%] Creating directories for 'qualisys_cpp_sdk-populate'
[ 22%] Performing download step (git clone) for 'qualisys_cpp_sdk-populate'
Cloning into 'qualisys_cpp_sdk-src'...
fatal: unable to access 'https://github.com/qualisys/qualisys_cpp_sdk/': Could not resolve host: github.com
Cloning into 'qualisys_cpp_sdk-src'...
fatal: unable to access 'https://github.com/qualisys/qualisys_cpp_sdk/': Could not resolve host: github.com
Cloning into 'qualisys_cpp_sdk-src'...
fatal: unable to access 'https://github.com/qualisys/qualisys_cpp_sdk/': Could not resolve host: github.com
-- Had to git clone more than once:
          3 times.
CMake Error at qualisys_cpp_sdk-subbuild/qualisys_cpp_sdk-populate-prefix/tmp/qualisys_cpp_sdk-populate-gitclone.cmake:31 (message):
  Failed to clone repository: 'https://github.com/qualisys/qualisys_cpp_sdk'


gmake[2]: *** [CMakeFiles/qualisys_cpp_sdk-populate.dir/build.make:102: qualisys_cpp_sdk-populate-prefix/src/qualisys_cpp_sdk-populate-stamp/qualisys_cpp_sdk-populate-download] Error 1
gmake[1]: *** [CMakeFiles/Makefile2:83: CMakeFiles/qualisys_cpp_sdk-populate.dir/all] Error 2
gmake: *** [Makefile:91: all] Error 2

CMake Error at /usr/share/cmake-3.22/Modules/FetchContent.cmake:1087 (message):
  Build step for qualisys_cpp_sdk failed: 2
Call Stack (most recent call first):
  /usr/share/cmake-3.22/Modules/FetchContent.cmake:1216:EVAL:2 (__FetchContent_directPopulate)
  /usr/share/cmake-3.22/Modules/FetchContent.cmake:1216 (cmake_language)
  /usr/share/cmake-3.22/Modules/FetchContent.cmake:1259 (FetchContent_Populate)
  CMakeLists.txt:33 (FetchContent_MakeAvailable)


-- Configuring incomplete, errors occurred!
See also "/home/user/Projects/svea_charging/build/qualisys_driver/CMakeFiles/CMakeOutput.log".
