[0.033s] Invoking command in '/home/user/Projects/svea_charging/build/qualisys_driver': CMAKE_PREFIX_PATH=/opt/ros/humble /usr/bin/cmake /home/user/Projects/svea_charging/src/mocap4ros2_qualisys/qualisys_driver -DAMENT_CMAKE_SYMLINK_INSTALL=1 -DCMAKE_INSTALL_PREFIX=/home/user/Projects/svea_charging/install/qualisys_driver
[0.723s] -- The C compiler identification is GNU 11.4.0
[1.253s] -- The CXX compiler identification is GNU 11.4.0
[1.303s] -- Detecting C compiler ABI info
[1.584s] -- Detecting C compiler ABI info - done
[1.594s] -- Check for working C compiler: /usr/bin/cc - skipped
[1.673s] -- Detecting C compile features
[1.676s] -- Detecting C compile features - done
[1.688s] -- Detecting CXX compiler ABI info
[1.986s] -- Detecting CXX compiler ABI info - done
[2.002s] -- Check for working CXX compiler: /usr/bin/c++ - skipped
[2.004s] -- Detecting CXX compile features
[2.006s] -- Detecting CXX compile features - done
[2.060s] -- Found ament_cmake: 1.3.12 (/opt/ros/humble/share/ament_cmake/cmake)
[2.544s] -- Found Python3: /usr/bin/python3 (found version "3.10.12") found components: Interpreter 
[2.724s] -- Override CMake install command with custom implementation using symlinks instead of copying resources
[2.819s] -- Found rclcpp: 16.0.14 (/opt/ros/humble/share/rclcpp/cmake)
[2.993s] -- Found rosidl_generator_c: 3.1.7 (/opt/ros/humble/share/rosidl_generator_c/cmake)
[3.010s] -- Found rosidl_adapter: 3.1.7 (/opt/ros/humble/share/rosidl_adapter/cmake)
[3.048s] -- Found rosidl_generator_cpp: 3.1.7 (/opt/ros/humble/share/rosidl_generator_cpp/cmake)
[3.091s] -- Using all available rosidl_typesupport_c: rosidl_typesupport_fastrtps_c;rosidl_typesupport_introspection_c
[3.151s] -- Using all available rosidl_typesupport_cpp: rosidl_typesupport_fastrtps_cpp;rosidl_typesupport_introspection_cpp
[3.369s] -- Found rmw_implementation_cmake: 6.1.2 (/opt/ros/humble/share/rmw_implementation_cmake/cmake)
[3.386s] -- Found rmw_fastrtps_cpp: 6.2.8 (/opt/ros/humble/share/rmw_fastrtps_cpp/cmake)
[3.688s] -- Found OpenSSL: /usr/lib/aarch64-linux-gnu/libcrypto.so (found version "3.0.2")  
[3.828s] -- Found FastRTPS: /opt/ros/humble/include  
[3.927s] -- Using RMW implementation 'rmw_fastrtps_cpp' as default
[3.957s] -- Looking for pthread.h
[4.211s] -- Looking for pthread.h - found
[4.212s] -- Performing Test CMAKE_HAVE_LIBC_PTHREAD
[4.474s] -- Performing Test CMAKE_HAVE_LIBC_PTHREAD - Success
[4.480s] -- Found Threads: TRUE  
[4.764s] -- Found rclcpp_lifecycle: 16.0.14 (/opt/ros/humble/share/rclcpp_lifecycle/cmake)
[4.867s] -- Found tf2: 0.25.16 (/opt/ros/humble/share/tf2/cmake)
[5.018s] -- Found tf2_ros: 0.25.16 (/opt/ros/humble/share/tf2_ros/cmake)
[5.526s] -- Found mocap4r2_msgs: 0.0.6 (/opt/ros/humble/share/mocap4r2_msgs/cmake)
[5.620s] -- qualisys_driver: `qualisys_cpp_sdk` targets not found. Attempting to fetch contents...
[6.640s] [ 11%] Creating directories for 'qualisys_cpp_sdk-populate'
[6.641s] [ 22%] Performing download step (git clone) for 'qualisys_cpp_sdk-populate'
[6.641s] Cloning into 'qualisys_cpp_sdk-src'...
[6.642s] fatal: unable to access 'https://github.com/qualisys/qualisys_cpp_sdk/': Could not resolve host: github.com
[6.642s] Cloning into 'qualisys_cpp_sdk-src'...
[6.642s] fatal: unable to access 'https://github.com/qualisys/qualisys_cpp_sdk/': Could not resolve host: github.com
[6.642s] Cloning into 'qualisys_cpp_sdk-src'...
[6.642s] fatal: unable to access 'https://github.com/qualisys/qualisys_cpp_sdk/': Could not resolve host: github.com
[6.643s] -- Had to git clone more than once:
[6.643s]           3 times.
[6.643s] CMake Error at qualisys_cpp_sdk-subbuild/qualisys_cpp_sdk-populate-prefix/tmp/qualisys_cpp_sdk-populate-gitclone.cmake:31 (message):
[6.643s]   Failed to clone repository: 'https://github.com/qualisys/qualisys_cpp_sdk'
[6.643s] 
[6.643s] 
[6.644s] gmake[2]: *** [CMakeFiles/qualisys_cpp_sdk-populate.dir/build.make:102: qualisys_cpp_sdk-populate-prefix/src/qualisys_cpp_sdk-populate-stamp/qualisys_cpp_sdk-populate-download] Error 1
[6.644s] gmake[1]: *** [CMakeFiles/Makefile2:83: CMakeFiles/qualisys_cpp_sdk-populate.dir/all] Error 2
[6.644s] gmake: *** [Makefile:91: all] Error 2
[6.644s] 
[6.644s] CMake Error at /usr/share/cmake-3.22/Modules/FetchContent.cmake:1087 (message):
[6.644s]   Build step for qualisys_cpp_sdk failed: 2
[6.644s] Call Stack (most recent call first):
[6.645s]   /usr/share/cmake-3.22/Modules/FetchContent.cmake:1216:EVAL:2 (__FetchContent_directPopulate)
[6.645s]   /usr/share/cmake-3.22/Modules/FetchContent.cmake:1216 (cmake_language)
[6.645s]   /usr/share/cmake-3.22/Modules/FetchContent.cmake:1259 (FetchContent_Populate)
[6.645s]   CMakeLists.txt:33 (FetchContent_MakeAvailable)
[6.645s] 
[6.645s] 
[6.645s] -- Configuring incomplete, errors occurred!
[6.646s] See also "/home/user/Projects/svea_charging/build/qualisys_driver/CMakeFiles/CMakeOutput.log".
[6.690s] Invoked command in '/home/user/Projects/svea_charging/build/qualisys_driver' returned '1': CMAKE_PREFIX_PATH=/opt/ros/humble /usr/bin/cmake /home/user/Projects/svea_charging/src/mocap4ros2_qualisys/qualisys_driver -DAMENT_CMAKE_SYMLINK_INSTALL=1 -DCMAKE_INSTALL_PREFIX=/home/user/Projects/svea_charging/install/qualisys_driver
